MPLINK 5.00, LINKER
Linker Map File - Created Tue Jan 04 00:06:21 2022

                                 Section Info
                  Section       Type    Address   Location Size(Bytes)
                ---------  ---------  ---------  ---------  ---------
               _entry_scn       code   0x000000    program   0x000006
           .code___init.o       code   0x000006    program   0x000002
      InterruptVectorHigh       code   0x000008    program   0x000006
          .romdata_time.o    romdata   0x00000e    program   0x000000
 .romdata_setByTerminal.o    romdata   0x00000e    program   0x000000
        .romdata_button.o    romdata   0x00000e    program   0x000000
     .romdata_interrupt.o    romdata   0x00000e    program   0x000000
      .romdata_fxd0808u.o    romdata   0x00000e    program   0x000000
          .idata_time.o_i    romdata   0x00000e    program   0x000003
      .romdata_fxd1616u.o    romdata   0x00000e    program   0x000000
      .romdata_fxd2424u.o    romdata   0x00000e    program   0x000000
      .romdata_schedule.o    romdata   0x00000e    program   0x000000
      .romdata_fxd3232u.o    romdata   0x00000e    program   0x000000
          .romdata_main.o    romdata   0x00000e    program   0x000000
         .romdata_timer.o    romdata   0x00000e    program   0x000000
       .romdata_fxm3232.o    romdata   0x00000e    program   0x000000
   .romdata_traffic_led.o    romdata   0x00000e    program   0x000000
          .romdata_uart.o    romdata   0x00000e    program   0x000000
        .romdata___init.o    romdata   0x00000e    program   0x000000
           .romdata_spi.o    romdata   0x00000e    program   0x000000
           .romdata_lcd.o    romdata   0x00000e    program   0x000000
         .romdata_c018i.o    romdata   0x00000e    program   0x000000
           .romdata_i2c.o    romdata   0x00000e    program   0x000000
     .idata_interrupt.o_i    romdata   0x000011    program   0x000004
      .idata_fxd0808u.o_i    romdata   0x000015    program   0x000000
      .idata_fxd1616u.o_i    romdata   0x000015    program   0x000000
      .idata_fxd2424u.o_i    romdata   0x000015    program   0x000000
      .idata_fxd3232u.o_i    romdata   0x000015    program   0x000000
       .idata_fxm3232.o_i    romdata   0x000015    program   0x000000
        .idata___init.o_i    romdata   0x000015    program   0x000000
         .idata_c018i.o_i    romdata   0x000015    program   0x000000
             .code_time.o       code   0x000016    program   0x000000
            .code_c018i.o       code   0x000016    program   0x000000
       InterruptVectorLow       code   0x000018    program   0x000006
                   .cinit    romdata   0x00001e    program   0x000092
         .code_schedule.o       code   0x0000b0    program   0x002376
             .code_main.o       code   0x002426    program   0x001ef2
              .code_lcd.o       code   0x004318    program   0x0010d2
    .code_setByTerminal.o       code   0x0053ea    program   0x001064
           .code_button.o       code   0x00644e    program   0x000a20
             .stringtable    romdata   0x006e6e    program   0x0008ea
             .code_uart.o       code   0x007758    program   0x000576
            .code_timer.o       code   0x007cce    program   0x00051c
              .code_spi.o       code   0x0081ea    program   0x0002dc
      .code_traffic_led.o       code   0x0084c6    program   0x0002b0
              .code_i2c.o       code   0x008776    program   0x00021c
        .code_interrupt.o       code   0x008992    program   0x0001f4
                     PROG       code   0x008b86    program   0x0000da
               _cinit_scn       code   0x008c60    program   0x00009e
          .code_fxm3232.o       code   0x008cfe    program   0x000070
         .code_fxd3232u.o       code   0x008d6e    program   0x000048
         .code_fxd2424u.o       code   0x008db6    program   0x00003a
         .code_fxd1616u.o       code   0x008df0    program   0x00002c
                    .code       code   0x008e1c    program   0x000020
             _startup_scn       code   0x008e3c    program   0x00001c
         .code_fxd0808u.o       code   0x008e58    program   0x00001c
          .idata_uart.o_i    romdata   0x008e74    program   0x000020
   .idata_traffic_led.o_i    romdata   0x008e94    program   0x000010
         .idata_timer.o_i    romdata   0x008ea4    program   0x000020
           .idata_spi.o_i    romdata   0x008ec4    program   0x00001d
 .idata_setByTerminal.o_i    romdata   0x008ee1    program   0x0000c9
      .idata_schedule.o_i    romdata   0x008faa    program   0x0000cb
          .idata_main.o_i    romdata   0x009075    program   0x0000f0
           .idata_lcd.o_i    romdata   0x009165    program   0x0000e6
           .idata_i2c.o_i    romdata   0x00924b    program   0x00001b
        .idata_button.o_i    romdata   0x009266    program   0x000048
    .config_300001_main.o    romdata   0x300001    program   0x000001
    .config_300002_main.o    romdata   0x300002    program   0x000001
    .config_300003_main.o    romdata   0x300003    program   0x000001
    .config_300005_main.o    romdata   0x300005    program   0x000001
    .config_300006_main.o    romdata   0x300006    program   0x000001
    .config_300008_main.o    romdata   0x300008    program   0x000001
    .config_300009_main.o    romdata   0x300009    program   0x000001
    .config_30000a_main.o    romdata   0x30000a    program   0x000001
    .config_30000b_main.o    romdata   0x30000b    program   0x000001
    .config_30000c_main.o    romdata   0x30000c    program   0x000001
    .config_30000d_main.o    romdata   0x30000d    program   0x000001
                MATH_DATA      udata   0x000000       data   0x000010
                 .tmpdata      udata   0x000010       data   0x000010
          .idata_button.o      idata   0x000080       data   0x000048
             .idata_spi.o      idata   0x0000c8       data   0x00001d
             .idata_i2c.o      idata   0x0000e5       data   0x00001b
            .idata_main.o      idata   0x000100       data   0x0000f0
     .idata_traffic_led.o      idata   0x0001f0       data   0x000010
             .idata_lcd.o      idata   0x000200       data   0x0000e6
        .idata_schedule.o      idata   0x000300       data   0x0000cb
            .idata_uart.o      idata   0x0003cb       data   0x000020
            .udata_main.o      udata   0x0003eb       data   0x00000c
             .udata_lcd.o      udata   0x0003f7       data   0x000004
       .idata_interrupt.o      idata   0x0003fb       data   0x000004
             .udata_i2c.o      udata   0x0003ff       data   0x000001
   .idata_setByTerminal.o      idata   0x000400       data   0x0000c9
           .idata_timer.o      idata   0x0004c9       data   0x000020
           .udata_c018i.o      udata   0x0004e9       data   0x00000a
            .idata_time.o      idata   0x0004f3       data   0x000003
          .idata___init.o      idata   0x0004f6       data   0x000000
          .udata___init.o      udata   0x0004f6       data   0x000000
         .idata_fxm3232.o      idata   0x0004f6       data   0x000000
         .udata_fxm3232.o      udata   0x0004f6       data   0x000000
        .idata_fxd3232u.o      idata   0x0004f6       data   0x000000
        .udata_fxd3232u.o      udata   0x0004f6       data   0x000000
        .idata_fxd2424u.o      idata   0x0004f6       data   0x000000
        .udata_fxd2424u.o      udata   0x0004f6       data   0x000000
        .idata_fxd1616u.o      idata   0x0004f6       data   0x000000
        .udata_fxd1616u.o      udata   0x0004f6       data   0x000000
        .idata_fxd0808u.o      idata   0x0004f6       data   0x000000
        .udata_fxd0808u.o      udata   0x0004f6       data   0x000000
          .udata_button.o      udata   0x0004f6       data   0x000000
           .udata_timer.o      udata   0x0004f6       data   0x000000
   .udata_setByTerminal.o      udata   0x0004f6       data   0x000000
            .udata_time.o      udata   0x0004f6       data   0x000000
           .idata_c018i.o      idata   0x0004f6       data   0x000000
        .udata_schedule.o      udata   0x0004f6       data   0x000000
            .udata_uart.o      udata   0x0004f6       data   0x000000
     .udata_traffic_led.o      udata   0x0004f6       data   0x000000
             .udata_spi.o      udata   0x0004f6       data   0x000000
       .udata_interrupt.o      udata   0x0004f6       data   0x000000
                   .stack      udata   0x000e00       data   0x000100
            SFR_UNBANKED0      udata   0x000f80       data   0x000080



                              Program Memory Usage 
                               Start         End      
                           ---------   ---------      
                            0x000000    0x000014      
                            0x000018    0x0092ad      
                            0x300001    0x300003      
                            0x300005    0x300006      
                            0x300008    0x30000d      
            37558 out of 66584 program addresses used, program memory utilization is 56%



                              Symbols - Sorted by Name
                     Name    Address   Location    Storage File                     
                ---------  ---------  ---------  --------- ---------                
          AppTrafficLight   0x008614    program     extern D:\Hoc_tap_PC\DA_TKLL\Bai10_TRAFFIC_UART\app\traffic_led.c
                  BCD2Dec   0x008776    program     extern D:\Hoc_tap_PC\DA_TKLL\Bai10_TRAFFIC_UART\i2c\i2c.c
              CloseOutput   0x00851c    program     extern D:\Hoc_tap_PC\DA_TKLL\Bai10_TRAFFIC_UART\app\traffic_led.c
                   D0808S   0x008b9c    program     static E:\3.46\pic18-lt\cxx-framework\src\traditional\math\fxd0808s.asm
                D0808SNEG   0x008baa    program     static E:\3.46\pic18-lt\cxx-framework\src\traditional\math\fxd0808s.asm
                 D0808SOK   0x008ba6    program     static E:\3.46\pic18-lt\cxx-framework\src\traditional\math\fxd0808s.asm
                  D0808SX   0x008bb0    program     static E:\3.46\pic18-lt\cxx-framework\src\traditional\math\fxd0808s.asm
                   D1616S   0x008bdc    program     static E:\3.46\pic18-lt\cxx-framework\src\traditional\math\fxd1616s.asm
                D1616SNEG   0x008bea    program     static E:\3.46\pic18-lt\cxx-framework\src\traditional\math\fxd1616s.asm
                 D1616SOK   0x008be6    program     static E:\3.46\pic18-lt\cxx-framework\src\traditional\math\fxd1616s.asm
                  D1616SX   0x008bfc    program     static E:\3.46\pic18-lt\cxx-framework\src\traditional\math\fxd1616s.asm
                   D2424S   0x008c30    program     static E:\3.46\pic18-lt\cxx-framework\src\traditional\math\fxd2424s.asm
                D2424SNEG   0x008c3e    program     static E:\3.46\pic18-lt\cxx-framework\src\traditional\math\fxd2424s.asm
                 D2424SOK   0x008c3a    program     static E:\3.46\pic18-lt\cxx-framework\src\traditional\math\fxd2424s.asm
                  D2424SX   0x008c56    program     static E:\3.46\pic18-lt\cxx-framework\src\traditional\math\fxd2424s.asm
                  DA0808S   0x008b92    program     static E:\3.46\pic18-lt\cxx-framework\src\traditional\math\fxd0808s.asm
                  DA1616S   0x008bcc    program     static E:\3.46\pic18-lt\cxx-framework\src\traditional\math\fxd1616s.asm
                  DA2424S   0x008c1c    program     static E:\3.46\pic18-lt\cxx-framework\src\traditional\math\fxd2424s.asm
                  Dec2BCD   0x0087b4    program     extern D:\Hoc_tap_PC\DA_TKLL\Bai10_TRAFFIC_UART\i2c\i2c.c
         DisplayLcdScreen   0x004c86    program     extern D:\Hoc_tap_PC\DA_TKLL\Bai10_TRAFFIC_UART\lcd\lcd.c
        DisplayLcdScreen2   0x004d7e    program     extern D:\Hoc_tap_PC\DA_TKLL\Bai10_TRAFFIC_UART\lcd\lcd.c
     DisplayLcdScreenList   0x005244    program     extern D:\Hoc_tap_PC\DA_TKLL\Bai10_TRAFFIC_UART\lcd\lcd.c
      DisplayLcdScreenOld   0x004e04    program     extern D:\Hoc_tap_PC\DA_TKLL\Bai10_TRAFFIC_UART\lcd\lcd.c
              DisplayNumS   0x0026d2    program     extern D:\Hoc_tap_PC\DA_TKLL\Bai10_TRAFFIC_UART\main.c
                 FXD0808S   0x008b86    program     extern E:\3.46\pic18-lt\cxx-framework\src\traditional\math\fxd0808s.asm
                 FXD0808U   0x008e58    program     extern E:\3.46\pic18-lt\cxx-framework\src\traditional\math\fxd0808u.c
                 FXD1616S   0x008bba    program     extern E:\3.46\pic18-lt\cxx-framework\src\traditional\math\fxd1616s.asm
                 FXD1616U   0x008df0    program     extern E:\3.46\pic18-lt\cxx-framework\src\traditional\math\fxd1616u.c
                 FXD2424S   0x008c06    program     extern E:\3.46\pic18-lt\cxx-framework\src\traditional\math\fxd2424s.asm
                 FXD2424U   0x008db6    program     extern E:\3.46\pic18-lt\cxx-framework\src\traditional\math\fxd2424u.c
                 FXD3232U   0x008d6e    program     extern E:\3.46\pic18-lt\cxx-framework\src\traditional\math\fxd3232u.c
                  FXM3232   0x008cfe    program     extern E:\3.46\pic18-lt\cxx-framework\src\traditional\math\fxm3232.c
              Format_time   0x0000b0    program     extern D:\Hoc_tap_PC\DA_TKLL\Bai10_TRAFFIC_UART\app\schedule.c
      InterruptVectorHigh   0x000008    program     extern D:\Hoc_tap_PC\DA_TKLL\Bai10_TRAFFIC_UART\interrupt\interrupt.c
       InterruptVectorLow   0x000018    program     extern D:\Hoc_tap_PC\DA_TKLL\Bai10_TRAFFIC_UART\interrupt\interrupt.c
                LcdClearS   0x004bfa    program     extern D:\Hoc_tap_PC\DA_TKLL\Bai10_TRAFFIC_UART\lcd\lcd.c
         LcdDisableCursor   0x0053bc    program     extern D:\Hoc_tap_PC\DA_TKLL\Bai10_TRAFFIC_UART\lcd\lcd.c
            LcdPrintCharS   0x004e6e    program     extern D:\Hoc_tap_PC\DA_TKLL\Bai10_TRAFFIC_UART\lcd\lcd.c
              LcdPrintNum   0x004b38    program     extern D:\Hoc_tap_PC\DA_TKLL\Bai10_TRAFFIC_UART\lcd\lcd.c
             LcdPrintNumS   0x004ee2    program     extern D:\Hoc_tap_PC\DA_TKLL\Bai10_TRAFFIC_UART\lcd\lcd.c
           LcdPrintString   0x004b80    program     extern D:\Hoc_tap_PC\DA_TKLL\Bai10_TRAFFIC_UART\lcd\lcd.c
          LcdPrintStringS   0x005130    program     extern D:\Hoc_tap_PC\DA_TKLL\Bai10_TRAFFIC_UART\lcd\lcd.c
             LcdSetNumRow   0x005184    program     extern D:\Hoc_tap_PC\DA_TKLL\Bai10_TRAFFIC_UART\lcd\lcd.c
         ManualAdjustment   0x002b92    program     extern D:\Hoc_tap_PC\DA_TKLL\Bai10_TRAFFIC_UART\main.c
               OpenOutput   0x0084cc    program     extern D:\Hoc_tap_PC\DA_TKLL\Bai10_TRAFFIC_UART\app\traffic_led.c
          Phase1_GreenOff   0x00857a    program     extern D:\Hoc_tap_PC\DA_TKLL\Bai10_TRAFFIC_UART\app\traffic_led.c
           Phase1_GreenOn   0x00856c    program     extern D:\Hoc_tap_PC\DA_TKLL\Bai10_TRAFFIC_UART\app\traffic_led.c
            Phase1_RedOff   0x0085b2    program     extern D:\Hoc_tap_PC\DA_TKLL\Bai10_TRAFFIC_UART\app\traffic_led.c
             Phase1_RedOn   0x0085a4    program     extern D:\Hoc_tap_PC\DA_TKLL\Bai10_TRAFFIC_UART\app\traffic_led.c
         Phase1_YellowOff   0x008596    program     extern D:\Hoc_tap_PC\DA_TKLL\Bai10_TRAFFIC_UART\app\traffic_led.c
          Phase1_YellowOn   0x008588    program     extern D:\Hoc_tap_PC\DA_TKLL\Bai10_TRAFFIC_UART\app\traffic_led.c
          Phase2_GreenOff   0x0085ce    program     extern D:\Hoc_tap_PC\DA_TKLL\Bai10_TRAFFIC_UART\app\traffic_led.c
           Phase2_GreenOn   0x0085c0    program     extern D:\Hoc_tap_PC\DA_TKLL\Bai10_TRAFFIC_UART\app\traffic_led.c
            Phase2_RedOff   0x008606    program     extern D:\Hoc_tap_PC\DA_TKLL\Bai10_TRAFFIC_UART\app\traffic_led.c
             Phase2_RedOn   0x0085f8    program     extern D:\Hoc_tap_PC\DA_TKLL\Bai10_TRAFFIC_UART\app\traffic_led.c
         Phase2_YellowOff   0x0085ea    program     extern D:\Hoc_tap_PC\DA_TKLL\Bai10_TRAFFIC_UART\app\traffic_led.c
          Phase2_YellowOn   0x0085dc    program     extern D:\Hoc_tap_PC\DA_TKLL\Bai10_TRAFFIC_UART\app\traffic_led.c
              SCH_AddTime   0x000504    program     extern D:\Hoc_tap_PC\DA_TKLL\Bai10_TRAFFIC_UART\app\schedule.c
               SCH_Delete   0x00031e    program     extern D:\Hoc_tap_PC\DA_TKLL\Bai10_TRAFFIC_UART\app\schedule.c
             SCH_Dispatch   0x0016ea    program     extern D:\Hoc_tap_PC\DA_TKLL\Bai10_TRAFFIC_UART\app\schedule.c
             SCH_EditTime   0x000654    program     extern D:\Hoc_tap_PC\DA_TKLL\Bai10_TRAFFIC_UART\app\schedule.c
             SCH_SendData   0x00189a    program     extern D:\Hoc_tap_PC\DA_TKLL\Bai10_TRAFFIC_UART\app\schedule.c
            SCH_Send_Sche   0x0053ea    program     extern D:\Hoc_tap_PC\DA_TKLL\Bai10_TRAFFIC_UART\app\setByTerminal.c
              SCH_SetTime   0x00100a    program     extern D:\Hoc_tap_PC\DA_TKLL\Bai10_TRAFFIC_UART\app\schedule.c
               SCH_Update   0x001468    program     extern D:\Hoc_tap_PC\DA_TKLL\Bai10_TRAFFIC_UART\app\schedule.c
             ScheduleTime   0x000802    program     extern D:\Hoc_tap_PC\DA_TKLL\Bai10_TRAFFIC_UART\app\schedule.c
             SetTimer0_ms   0x00814a    program     extern D:\Hoc_tap_PC\DA_TKLL\Bai10_TRAFFIC_UART\timer\timer.c
             SetTimer1_ms   0x00816e    program     extern D:\Hoc_tap_PC\DA_TKLL\Bai10_TRAFFIC_UART\timer\timer.c
             SetTimer3_ms   0x0081ac    program     extern D:\Hoc_tap_PC\DA_TKLL\Bai10_TRAFFIC_UART\timer\timer.c
          SettingByButton   0x002796    program     extern D:\Hoc_tap_PC\DA_TKLL\Bai10_TRAFFIC_UART\main.c
              SettingMode   0x003078    program     extern D:\Hoc_tap_PC\DA_TKLL\Bai10_TRAFFIC_UART\main.c
                 SlowMode   0x002ec4    program     extern D:\Hoc_tap_PC\DA_TKLL\Bai10_TRAFFIC_UART\main.c
            UartGetString   0x007c26    program     extern D:\Hoc_tap_PC\DA_TKLL\Bai10_TRAFFIC_UART\uart\uart.c
              UartSendNum   0x0079f0    program     extern D:\Hoc_tap_PC\DA_TKLL\Bai10_TRAFFIC_UART\uart\uart.c
           UartSendString   0x00785a    program     extern D:\Hoc_tap_PC\DA_TKLL\Bai10_TRAFFIC_UART\uart\uart.c
        UpdateAdjSchToWeb   0x001c28    program     extern D:\Hoc_tap_PC\DA_TKLL\Bai10_TRAFFIC_UART\app\schedule.c
          UpdateDataToWeb   0x003224    program     extern D:\Hoc_tap_PC\DA_TKLL\Bai10_TRAFFIC_UART\main.c
        UpdateManualToWeb   0x004254    program     extern D:\Hoc_tap_PC\DA_TKLL\Bai10_TRAFFIC_UART\main.c
             UpdateNormal   0x00389a    program     extern D:\Hoc_tap_PC\DA_TKLL\Bai10_TRAFFIC_UART\main.c
           UpdateSchToWeb   0x003994    program     extern D:\Hoc_tap_PC\DA_TKLL\Bai10_TRAFFIC_UART\main.c
      UpdateSlowModeToWeb   0x0041e8    program     extern D:\Hoc_tap_PC\DA_TKLL\Bai10_TRAFFIC_UART\main.c
        UpdateStatusToWeb   0x00414c    program     extern D:\Hoc_tap_PC\DA_TKLL\Bai10_TRAFFIC_UART\main.c
       ___return_lbl00000   0x008e1a    program     static                          
       ___return_lbl00000   0x008e72    program     static                          
       ___return_lbl00000   0x008dee    program     static                          
       ___return_lbl00000   0x008db4    program     static                          
       ___return_lbl00000   0x000004    program     static                          
       ___return_lbl00000   0x008d6c    program     static                          
       ___return_lbl00001   0x008e56    program     static                          
       ___return_lbl00002   0x00001c    program     static                          
       ___return_lbl00002   0x008cfc    program     static                          
       ___return_lbl00003   0x00000c    program     static                          
               __config_0   0x300001    program     static D:\Hoc_tap_PC\DA_TKLL\Bai10_TRAFFIC_UART\main.c
               __config_1   0x300002    program     static D:\Hoc_tap_PC\DA_TKLL\Bai10_TRAFFIC_UART\main.c
              __config_10   0x30000d    program     static D:\Hoc_tap_PC\DA_TKLL\Bai10_TRAFFIC_UART\main.c
               __config_2   0x300003    program     static D:\Hoc_tap_PC\DA_TKLL\Bai10_TRAFFIC_UART\main.c
               __config_3   0x300005    program     static D:\Hoc_tap_PC\DA_TKLL\Bai10_TRAFFIC_UART\main.c
               __config_4   0x300006    program     static D:\Hoc_tap_PC\DA_TKLL\Bai10_TRAFFIC_UART\main.c
               __config_5   0x300008    program     static D:\Hoc_tap_PC\DA_TKLL\Bai10_TRAFFIC_UART\main.c
               __config_6   0x300009    program     static D:\Hoc_tap_PC\DA_TKLL\Bai10_TRAFFIC_UART\main.c
               __config_7   0x30000a    program     static D:\Hoc_tap_PC\DA_TKLL\Bai10_TRAFFIC_UART\main.c
               __config_8   0x30000b    program     static D:\Hoc_tap_PC\DA_TKLL\Bai10_TRAFFIC_UART\main.c
               __config_9   0x30000c    program     static D:\Hoc_tap_PC\DA_TKLL\Bai10_TRAFFIC_UART\main.c
                   __init   0x000006    program     extern E:\3.46\pic18-lt\cxx-framework\src\traditional\stdclib\__init.c
               __string_0   0x007178    program     static D:\Hoc_tap_PC\DA_TKLL\Bai10_TRAFFIC_UART\lcd\lcd.c
               __string_0   0x0072d0    program     static D:\Hoc_tap_PC\DA_TKLL\Bai10_TRAFFIC_UART\app\schedule.c
               __string_1   0x00715f    program     static D:\Hoc_tap_PC\DA_TKLL\Bai10_TRAFFIC_UART\lcd\lcd.c
               __string_1   0x0072cd    program     static D:\Hoc_tap_PC\DA_TKLL\Bai10_TRAFFIC_UART\app\schedule.c
              __string_10   0x007267    program     static D:\Hoc_tap_PC\DA_TKLL\Bai10_TRAFFIC_UART\app\schedule.c
              __string_11   0x007255    program     static D:\Hoc_tap_PC\DA_TKLL\Bai10_TRAFFIC_UART\app\schedule.c
              __string_12   0x007243    program     static D:\Hoc_tap_PC\DA_TKLL\Bai10_TRAFFIC_UART\app\schedule.c
              __string_13   0x00774e    program     static D:\Hoc_tap_PC\DA_TKLL\Bai10_TRAFFIC_UART\app\setByTerminal.c
              __string_13   0x007237    program     static D:\Hoc_tap_PC\DA_TKLL\Bai10_TRAFFIC_UART\app\schedule.c
              __string_14   0x007232    program     static D:\Hoc_tap_PC\DA_TKLL\Bai10_TRAFFIC_UART\app\schedule.c
              __string_14   0x007749    program     static D:\Hoc_tap_PC\DA_TKLL\Bai10_TRAFFIC_UART\app\setByTerminal.c
              __string_15   0x007747    program     static D:\Hoc_tap_PC\DA_TKLL\Bai10_TRAFFIC_UART\app\setByTerminal.c
              __string_15   0x00721c    program     static D:\Hoc_tap_PC\DA_TKLL\Bai10_TRAFFIC_UART\app\schedule.c
              __string_15   0x00714a    program     static D:\Hoc_tap_PC\DA_TKLL\Bai10_TRAFFIC_UART\main.c
              __string_16   0x007744    program     static D:\Hoc_tap_PC\DA_TKLL\Bai10_TRAFFIC_UART\app\setByTerminal.c
              __string_16   0x007135    program     static D:\Hoc_tap_PC\DA_TKLL\Bai10_TRAFFIC_UART\main.c
              __string_16   0x007210    program     static D:\Hoc_tap_PC\DA_TKLL\Bai10_TRAFFIC_UART\app\schedule.c
              __string_17   0x0071fa    program     static D:\Hoc_tap_PC\DA_TKLL\Bai10_TRAFFIC_UART\app\schedule.c
              __string_17   0x00772e    program     static D:\Hoc_tap_PC\DA_TKLL\Bai10_TRAFFIC_UART\app\setByTerminal.c
              __string_17   0x007132    program     static D:\Hoc_tap_PC\DA_TKLL\Bai10_TRAFFIC_UART\main.c
              __string_18   0x0071f7    program     static D:\Hoc_tap_PC\DA_TKLL\Bai10_TRAFFIC_UART\app\schedule.c
              __string_18   0x007722    program     static D:\Hoc_tap_PC\DA_TKLL\Bai10_TRAFFIC_UART\app\setByTerminal.c
              __string_18   0x007122    program     static D:\Hoc_tap_PC\DA_TKLL\Bai10_TRAFFIC_UART\main.c
              __string_19   0x0071cf    program     static D:\Hoc_tap_PC\DA_TKLL\Bai10_TRAFFIC_UART\app\schedule.c
              __string_19   0x007111    program     static D:\Hoc_tap_PC\DA_TKLL\Bai10_TRAFFIC_UART\main.c
              __string_19   0x00770c    program     static D:\Hoc_tap_PC\DA_TKLL\Bai10_TRAFFIC_UART\app\setByTerminal.c
               __string_2   0x0072cb    program     static D:\Hoc_tap_PC\DA_TKLL\Bai10_TRAFFIC_UART\app\schedule.c
              __string_20   0x0071cb    program     static D:\Hoc_tap_PC\DA_TKLL\Bai10_TRAFFIC_UART\app\schedule.c
              __string_20   0x007100    program     static D:\Hoc_tap_PC\DA_TKLL\Bai10_TRAFFIC_UART\main.c
              __string_20   0x007709    program     static D:\Hoc_tap_PC\DA_TKLL\Bai10_TRAFFIC_UART\app\setByTerminal.c
              __string_21   0x0076fd    program     static D:\Hoc_tap_PC\DA_TKLL\Bai10_TRAFFIC_UART\app\setByTerminal.c
              __string_21   0x0071c6    program     static D:\Hoc_tap_PC\DA_TKLL\Bai10_TRAFFIC_UART\app\schedule.c
              __string_21   0x0070f0    program     static D:\Hoc_tap_PC\DA_TKLL\Bai10_TRAFFIC_UART\main.c
              __string_22   0x0071bf    program     static D:\Hoc_tap_PC\DA_TKLL\Bai10_TRAFFIC_UART\app\schedule.c
              __string_22   0x0076d4    program     static D:\Hoc_tap_PC\DA_TKLL\Bai10_TRAFFIC_UART\app\setByTerminal.c
              __string_22   0x0070dc    program     static D:\Hoc_tap_PC\DA_TKLL\Bai10_TRAFFIC_UART\main.c
              __string_23   0x0071b0    program     static D:\Hoc_tap_PC\DA_TKLL\Bai10_TRAFFIC_UART\app\schedule.c
              __string_23   0x0076af    program     static D:\Hoc_tap_PC\DA_TKLL\Bai10_TRAFFIC_UART\app\setByTerminal.c
              __string_23   0x0070c6    program     static D:\Hoc_tap_PC\DA_TKLL\Bai10_TRAFFIC_UART\main.c
              __string_24   0x0070af    program     static D:\Hoc_tap_PC\DA_TKLL\Bai10_TRAFFIC_UART\main.c
              __string_24   0x0071ad    program     static D:\Hoc_tap_PC\DA_TKLL\Bai10_TRAFFIC_UART\app\schedule.c
              __string_24   0x00768e    program     static D:\Hoc_tap_PC\DA_TKLL\Bai10_TRAFFIC_UART\app\setByTerminal.c
              __string_25   0x00709b    program     static D:\Hoc_tap_PC\DA_TKLL\Bai10_TRAFFIC_UART\main.c
              __string_25   0x0071a9    program     static D:\Hoc_tap_PC\DA_TKLL\Bai10_TRAFFIC_UART\app\schedule.c
              __string_25   0x00766f    program     static D:\Hoc_tap_PC\DA_TKLL\Bai10_TRAFFIC_UART\app\setByTerminal.c
              __string_26   0x007087    program     static D:\Hoc_tap_PC\DA_TKLL\Bai10_TRAFFIC_UART\main.c
              __string_26   0x0071a6    program     static D:\Hoc_tap_PC\DA_TKLL\Bai10_TRAFFIC_UART\app\schedule.c
              __string_26   0x007653    program     static D:\Hoc_tap_PC\DA_TKLL\Bai10_TRAFFIC_UART\app\setByTerminal.c
              __string_27   0x00707e    program     static D:\Hoc_tap_PC\DA_TKLL\Bai10_TRAFFIC_UART\main.c
              __string_27   0x007641    program     static D:\Hoc_tap_PC\DA_TKLL\Bai10_TRAFFIC_UART\app\setByTerminal.c
              __string_27   0x0071a4    program     static D:\Hoc_tap_PC\DA_TKLL\Bai10_TRAFFIC_UART\app\schedule.c
              __string_28   0x00763f    program     static D:\Hoc_tap_PC\DA_TKLL\Bai10_TRAFFIC_UART\app\setByTerminal.c
              __string_28   0x007076    program     static D:\Hoc_tap_PC\DA_TKLL\Bai10_TRAFFIC_UART\main.c
              __string_28   0x0071a1    program     static D:\Hoc_tap_PC\DA_TKLL\Bai10_TRAFFIC_UART\app\schedule.c
              __string_29   0x00763d    program     static D:\Hoc_tap_PC\DA_TKLL\Bai10_TRAFFIC_UART\app\setByTerminal.c
              __string_29   0x007066    program     static D:\Hoc_tap_PC\DA_TKLL\Bai10_TRAFFIC_UART\main.c
              __string_29   0x00719f    program     static D:\Hoc_tap_PC\DA_TKLL\Bai10_TRAFFIC_UART\app\schedule.c
               __string_3   0x0072c8    program     static D:\Hoc_tap_PC\DA_TKLL\Bai10_TRAFFIC_UART\app\schedule.c
              __string_30   0x007639    program     static D:\Hoc_tap_PC\DA_TKLL\Bai10_TRAFFIC_UART\app\setByTerminal.c
              __string_30   0x007056    program     static D:\Hoc_tap_PC\DA_TKLL\Bai10_TRAFFIC_UART\main.c
              __string_31   0x007627    program     static D:\Hoc_tap_PC\DA_TKLL\Bai10_TRAFFIC_UART\app\setByTerminal.c
              __string_31   0x007046    program     static D:\Hoc_tap_PC\DA_TKLL\Bai10_TRAFFIC_UART\main.c
              __string_32   0x007036    program     static D:\Hoc_tap_PC\DA_TKLL\Bai10_TRAFFIC_UART\main.c
              __string_32   0x007615    program     static D:\Hoc_tap_PC\DA_TKLL\Bai10_TRAFFIC_UART\app\setByTerminal.c
              __string_33   0x007026    program     static D:\Hoc_tap_PC\DA_TKLL\Bai10_TRAFFIC_UART\main.c
              __string_33   0x0075fd    program     static D:\Hoc_tap_PC\DA_TKLL\Bai10_TRAFFIC_UART\app\setByTerminal.c
              __string_34   0x007010    program     static D:\Hoc_tap_PC\DA_TKLL\Bai10_TRAFFIC_UART\main.c
              __string_34   0x0075f8    program     static D:\Hoc_tap_PC\DA_TKLL\Bai10_TRAFFIC_UART\app\setByTerminal.c
              __string_35   0x006ff9    program     static D:\Hoc_tap_PC\DA_TKLL\Bai10_TRAFFIC_UART\main.c
              __string_35   0x0075d5    program     static D:\Hoc_tap_PC\DA_TKLL\Bai10_TRAFFIC_UART\app\setByTerminal.c
              __string_36   0x006ff7    program     static D:\Hoc_tap_PC\DA_TKLL\Bai10_TRAFFIC_UART\main.c
              __string_36   0x0075a6    program     static D:\Hoc_tap_PC\DA_TKLL\Bai10_TRAFFIC_UART\app\setByTerminal.c
              __string_37   0x007584    program     static D:\Hoc_tap_PC\DA_TKLL\Bai10_TRAFFIC_UART\app\setByTerminal.c
              __string_37   0x006ff4    program     static D:\Hoc_tap_PC\DA_TKLL\Bai10_TRAFFIC_UART\main.c
              __string_38   0x006ff2    program     static D:\Hoc_tap_PC\DA_TKLL\Bai10_TRAFFIC_UART\main.c
              __string_38   0x007566    program     static D:\Hoc_tap_PC\DA_TKLL\Bai10_TRAFFIC_UART\app\setByTerminal.c
              __string_39   0x006fec    program     static D:\Hoc_tap_PC\DA_TKLL\Bai10_TRAFFIC_UART\main.c
              __string_39   0x007562    program     static D:\Hoc_tap_PC\DA_TKLL\Bai10_TRAFFIC_UART\app\setByTerminal.c
               __string_4   0x0072b5    program     static D:\Hoc_tap_PC\DA_TKLL\Bai10_TRAFFIC_UART\app\schedule.c
              __string_40   0x007546    program     static D:\Hoc_tap_PC\DA_TKLL\Bai10_TRAFFIC_UART\app\setByTerminal.c
              __string_40   0x006fe5    program     static D:\Hoc_tap_PC\DA_TKLL\Bai10_TRAFFIC_UART\main.c
              __string_41   0x006fa1    program     static D:\Hoc_tap_PC\DA_TKLL\Bai10_TRAFFIC_UART\main.c
              __string_41   0x007526    program     static D:\Hoc_tap_PC\DA_TKLL\Bai10_TRAFFIC_UART\app\setByTerminal.c
              __string_42   0x006f9f    program     static D:\Hoc_tap_PC\DA_TKLL\Bai10_TRAFFIC_UART\main.c
              __string_42   0x00751d    program     static D:\Hoc_tap_PC\DA_TKLL\Bai10_TRAFFIC_UART\app\setByTerminal.c
              __string_43   0x006f9c    program     static D:\Hoc_tap_PC\DA_TKLL\Bai10_TRAFFIC_UART\main.c
              __string_43   0x007512    program     static D:\Hoc_tap_PC\DA_TKLL\Bai10_TRAFFIC_UART\app\setByTerminal.c
              __string_44   0x006f83    program     static D:\Hoc_tap_PC\DA_TKLL\Bai10_TRAFFIC_UART\main.c
              __string_44   0x0074f2    program     static D:\Hoc_tap_PC\DA_TKLL\Bai10_TRAFFIC_UART\app\setByTerminal.c
              __string_45   0x0074da    program     static D:\Hoc_tap_PC\DA_TKLL\Bai10_TRAFFIC_UART\app\setByTerminal.c
              __string_45   0x006f5c    program     static D:\Hoc_tap_PC\DA_TKLL\Bai10_TRAFFIC_UART\main.c
              __string_46   0x0074b7    program     static D:\Hoc_tap_PC\DA_TKLL\Bai10_TRAFFIC_UART\app\setByTerminal.c
              __string_46   0x006f59    program     static D:\Hoc_tap_PC\DA_TKLL\Bai10_TRAFFIC_UART\main.c
              __string_47   0x006f57    program     static D:\Hoc_tap_PC\DA_TKLL\Bai10_TRAFFIC_UART\main.c
              __string_47   0x00748f    program     static D:\Hoc_tap_PC\DA_TKLL\Bai10_TRAFFIC_UART\app\setByTerminal.c
              __string_48   0x006f53    program     static D:\Hoc_tap_PC\DA_TKLL\Bai10_TRAFFIC_UART\main.c
              __string_48   0x007468    program     static D:\Hoc_tap_PC\DA_TKLL\Bai10_TRAFFIC_UART\app\setByTerminal.c
              __string_49   0x006f50    program     static D:\Hoc_tap_PC\DA_TKLL\Bai10_TRAFFIC_UART\main.c
              __string_49   0x00742b    program     static D:\Hoc_tap_PC\DA_TKLL\Bai10_TRAFFIC_UART\app\setByTerminal.c
               __string_5   0x0072ae    program     static D:\Hoc_tap_PC\DA_TKLL\Bai10_TRAFFIC_UART\app\schedule.c
              __string_50   0x0073f7    program     static D:\Hoc_tap_PC\DA_TKLL\Bai10_TRAFFIC_UART\app\setByTerminal.c
              __string_50   0x006f0a    program     static D:\Hoc_tap_PC\DA_TKLL\Bai10_TRAFFIC_UART\main.c
              __string_51   0x0073e8    program     static D:\Hoc_tap_PC\DA_TKLL\Bai10_TRAFFIC_UART\app\setByTerminal.c
              __string_51   0x006f03    program     static D:\Hoc_tap_PC\DA_TKLL\Bai10_TRAFFIC_UART\main.c
              __string_52   0x006eff    program     static D:\Hoc_tap_PC\DA_TKLL\Bai10_TRAFFIC_UART\main.c
              __string_52   0x0073cb    program     static D:\Hoc_tap_PC\DA_TKLL\Bai10_TRAFFIC_UART\app\setByTerminal.c
              __string_53   0x006ef8    program     static D:\Hoc_tap_PC\DA_TKLL\Bai10_TRAFFIC_UART\main.c
              __string_53   0x007385    program     static D:\Hoc_tap_PC\DA_TKLL\Bai10_TRAFFIC_UART\app\setByTerminal.c
              __string_54   0x006ef3    program     static D:\Hoc_tap_PC\DA_TKLL\Bai10_TRAFFIC_UART\main.c
              __string_54   0x007346    program     static D:\Hoc_tap_PC\DA_TKLL\Bai10_TRAFFIC_UART\app\setByTerminal.c
              __string_55   0x006ef0    program     static D:\Hoc_tap_PC\DA_TKLL\Bai10_TRAFFIC_UART\main.c
              __string_55   0x007322    program     static D:\Hoc_tap_PC\DA_TKLL\Bai10_TRAFFIC_UART\app\setByTerminal.c
              __string_56   0x0072ff    program     static D:\Hoc_tap_PC\DA_TKLL\Bai10_TRAFFIC_UART\app\setByTerminal.c
              __string_56   0x006ec5    program     static D:\Hoc_tap_PC\DA_TKLL\Bai10_TRAFFIC_UART\main.c
              __string_57   0x0072d2    program     static D:\Hoc_tap_PC\DA_TKLL\Bai10_TRAFFIC_UART\app\setByTerminal.c
              __string_57   0x006ec0    program     static D:\Hoc_tap_PC\DA_TKLL\Bai10_TRAFFIC_UART\main.c
              __string_58   0x006eba    program     static D:\Hoc_tap_PC\DA_TKLL\Bai10_TRAFFIC_UART\main.c
              __string_59   0x006e8d    program     static D:\Hoc_tap_PC\DA_TKLL\Bai10_TRAFFIC_UART\main.c
               __string_6   0x0072a9    program     static D:\Hoc_tap_PC\DA_TKLL\Bai10_TRAFFIC_UART\app\schedule.c
              __string_60   0x006e89    program     static D:\Hoc_tap_PC\DA_TKLL\Bai10_TRAFFIC_UART\main.c
              __string_61   0x006e78    program     static D:\Hoc_tap_PC\DA_TKLL\Bai10_TRAFFIC_UART\main.c
              __string_62   0x006e72    program     static D:\Hoc_tap_PC\DA_TKLL\Bai10_TRAFFIC_UART\main.c
              __string_63   0x006e6e    program     static D:\Hoc_tap_PC\DA_TKLL\Bai10_TRAFFIC_UART\main.c
               __string_7   0x007299    program     static D:\Hoc_tap_PC\DA_TKLL\Bai10_TRAFFIC_UART\app\schedule.c
               __string_8   0x007289    program     static D:\Hoc_tap_PC\DA_TKLL\Bai10_TRAFFIC_UART\app\schedule.c
               __string_9   0x007278    program     static D:\Hoc_tap_PC\DA_TKLL\Bai10_TRAFFIC_UART\app\schedule.c
              __tmplbl_24   0x0063c0    program     static                          
              __tmplbl_25   0x00635a    program     static                          
              __tmplbl_26   0x006330    program     static                          
              __tmplbl_27   0x00621c    program     static                          
              __tmplbl_28   0x006182    program     static                          
              __tmplbl_29   0x00643a    program     static                          
              __tmplbl_30   0x00642a    program     static                          
              __tmplbl_31   0x00643a    program     static                          
              __tmplbl_32   0x006438    program     static                          
              __tmplbl_33   0x006438    program     static                          
              __tmplbl_34   0x006438    program     static                          
              __tmplbl_35   0x006438    program     static                          
              __tmplbl_36   0x006438    program     static                          
              __tmplbl_37   0x006438    program     static                          
              __tmplbl_39   0x00617c    program     static                          
              __tmplbl_40   0x00617a    program     static                          
              __tmplbl_41   0x00617a    program     static                          
              __tmplbl_42   0x00617a    program     static                          
              __tmplbl_43   0x00617a    program     static                          
              __tmplbl_46   0x006434    program     static                          
            __zero_memory   0x008e1c    program     extern E:\3.46\pic18-lt\cxx-framework\src\traditional\proc\p18f4620.asm
                _do_cinit   0x008c60    program     extern E:\3.46\pic18-lt\cxx-framework\src\traditional\startup\c018i.c
                   _entry   0x000000    program     extern E:\3.46\pic18-lt\cxx-framework\src\traditional\startup\c018i.c
                   _false   0x008db0    program     static                          
                   _false   0x008dea    program     static                          
                 _startup   0x008e3c    program     extern E:\3.46\pic18-lt\cxx-framework\src\traditional\startup\c018i.c
            backToPrePage   0x0026b0    program     extern D:\Hoc_tap_PC\DA_TKLL\Bai10_TRAFFIC_UART\main.c
                 blinkNum   0x00021a    program     extern D:\Hoc_tap_PC\DA_TKLL\Bai10_TRAFFIC_UART\app\schedule.c
          button_delay_ms   0x006998    program     extern D:\Hoc_tap_PC\DA_TKLL\Bai10_TRAFFIC_UART\button_matrix\button.c
                compare_l   0x008e32    program     static E:\3.46\pic18-lt\cxx-framework\src\traditional\proc\p18f4620.asm
                copy_loop   0x008cd2    program     static                          
            copy_one_byte   0x008cd8    program     static                          
                 delay_ms   0x00250c    program     extern D:\Hoc_tap_PC\DA_TKLL\Bai10_TRAFFIC_UART\main.c
                     done   0x008cfc    program     static                          
             done_copying   0x008ce6    program     static                          
           ds1307_control   0x008822    program     extern D:\Hoc_tap_PC\DA_TKLL\Bai10_TRAFFIC_UART\i2c\i2c.c
           eeprom_control   0x008840    program     extern D:\Hoc_tap_PC\DA_TKLL\Bai10_TRAFFIC_UART\i2c\i2c.c
                  endloop   0x008e16    program     static                          
                  endloop   0x008e6e    program     static                          
                 high_isr   0x008a9e    program     extern D:\Hoc_tap_PC\DA_TKLL\Bai10_TRAFFIC_UART\interrupt\interrupt.c
                  i2c_ack   0x00889a    program     extern D:\Hoc_tap_PC\DA_TKLL\Bai10_TRAFFIC_UART\i2c\i2c.c
                  i2c_nak   0x0088a6    program     extern D:\Hoc_tap_PC\DA_TKLL\Bai10_TRAFFIC_UART\i2c\i2c.c
                 i2c_read   0x00888e    program     extern D:\Hoc_tap_PC\DA_TKLL\Bai10_TRAFFIC_UART\i2c\i2c.c
                i2c_start   0x00885e    program     extern D:\Hoc_tap_PC\DA_TKLL\Bai10_TRAFFIC_UART\i2c\i2c.c
                 i2c_stop   0x008868    program     extern D:\Hoc_tap_PC\DA_TKLL\Bai10_TRAFFIC_UART\i2c\i2c.c
                i2c_write   0x008872    program     extern D:\Hoc_tap_PC\DA_TKLL\Bai10_TRAFFIC_UART\i2c\i2c.c
            init_ext_int0   0x00899a    program     extern D:\Hoc_tap_PC\DA_TKLL\Bai10_TRAFFIC_UART\interrupt\interrupt.c
                 init_i2c   0x00880a    program     extern D:\Hoc_tap_PC\DA_TKLL\Bai10_TRAFFIC_UART\i2c\i2c.c
           init_interrupt   0x008992    program     extern D:\Hoc_tap_PC\DA_TKLL\Bai10_TRAFFIC_UART\interrupt\interrupt.c
          init_key_matrix   0x00644e    program     extern D:\Hoc_tap_PC\DA_TKLL\Bai10_TRAFFIC_UART\button_matrix\button.c
init_key_matrix_new_board   0x006be6    program     extern D:\Hoc_tap_PC\DA_TKLL\Bai10_TRAFFIC_UART\button_matrix\button.c
init_key_matrix_with_uart   0x006456    program     extern D:\Hoc_tap_PC\DA_TKLL\Bai10_TRAFFIC_UART\button_matrix\button.c
          init_output_led   0x0084c6    program     extern D:\Hoc_tap_PC\DA_TKLL\Bai10_TRAFFIC_UART\app\traffic_led.c
                 init_spi   0x0081ea    program     extern D:\Hoc_tap_PC\DA_TKLL\Bai10_TRAFFIC_UART\spi\spi.c
              init_system   0x002594    program     extern D:\Hoc_tap_PC\DA_TKLL\Bai10_TRAFFIC_UART\main.c
              init_timer0   0x007cce    program     extern D:\Hoc_tap_PC\DA_TKLL\Bai10_TRAFFIC_UART\timer\timer.c
              init_timer1   0x007e12    program     extern D:\Hoc_tap_PC\DA_TKLL\Bai10_TRAFFIC_UART\timer\timer.c
              init_timer2   0x007f5c    program     extern D:\Hoc_tap_PC\DA_TKLL\Bai10_TRAFFIC_UART\timer\timer.c
              init_timer3   0x007f94    program     extern D:\Hoc_tap_PC\DA_TKLL\Bai10_TRAFFIC_UART\timer\timer.c
                init_uart   0x007758    program     extern D:\Hoc_tap_PC\DA_TKLL\Bai10_TRAFFIC_UART\uart\uart.c
                 isButton   0x006bfa    program     extern D:\Hoc_tap_PC\DA_TKLL\Bai10_TRAFFIC_UART\button_matrix\button.c
        isButtonPressKeep   0x006c84    program     extern D:\Hoc_tap_PC\DA_TKLL\Bai10_TRAFFIC_UART\button_matrix\button.c
           isButtonSwitch   0x002626    program     extern D:\Hoc_tap_PC\DA_TKLL\Bai10_TRAFFIC_UART\main.c
                lcd_clear   0x00480c    program     extern D:\Hoc_tap_PC\DA_TKLL\Bai10_TRAFFIC_UART\lcd\lcd.c
                lcd_delay   0x004318    program     extern D:\Hoc_tap_PC\DA_TKLL\Bai10_TRAFFIC_UART\lcd\lcd.c
                 lcd_init   0x0044b8    program     extern D:\Hoc_tap_PC\DA_TKLL\Bai10_TRAFFIC_UART\lcd\lcd.c
             lcd_power_of   0x004820    program     extern D:\Hoc_tap_PC\DA_TKLL\Bai10_TRAFFIC_UART\lcd\lcd.c
           lcd_print_char   0x004778    program     extern D:\Hoc_tap_PC\DA_TKLL\Bai10_TRAFFIC_UART\lcd\lcd.c
          lcd_print_charS   0x004bb4    program     extern D:\Hoc_tap_PC\DA_TKLL\Bai10_TRAFFIC_UART\lcd\lcd.c
            lcd_print_num   0x004902    program     extern D:\Hoc_tap_PC\DA_TKLL\Bai10_TRAFFIC_UART\lcd\lcd.c
            lcd_print_str   0x004792    program     extern D:\Hoc_tap_PC\DA_TKLL\Bai10_TRAFFIC_UART\lcd\lcd.c
              lcd_putchar   0x00475e    program     extern D:\Hoc_tap_PC\DA_TKLL\Bai10_TRAFFIC_UART\lcd\lcd.c
          lcd_read_status   0x0045c8    program     extern D:\Hoc_tap_PC\DA_TKLL\Bai10_TRAFFIC_UART\lcd\lcd.c
          lcd_sendCommand   0x004438    program     extern D:\Hoc_tap_PC\DA_TKLL\Bai10_TRAFFIC_UART\lcd\lcd.c
           lcd_set_cursor   0x0047d2    program     extern D:\Hoc_tap_PC\DA_TKLL\Bai10_TRAFFIC_UART\lcd\lcd.c
            lcd_wait_busy   0x00467e    program     extern D:\Hoc_tap_PC\DA_TKLL\Bai10_TRAFFIC_UART\lcd\lcd.c
          lcd_write_4bits   0x00469e    program     extern D:\Hoc_tap_PC\DA_TKLL\Bai10_TRAFFIC_UART\lcd\lcd.c
            lcd_write_cmd   0x0046e4    program     extern D:\Hoc_tap_PC\DA_TKLL\Bai10_TRAFFIC_UART\lcd\lcd.c
           lcd_write_data   0x004720    program     extern D:\Hoc_tap_PC\DA_TKLL\Bai10_TRAFFIC_UART\lcd\lcd.c
                     loop   0x008dfa    program     static                          
                     loop   0x008e60    program     static                          
                     loop   0x008dc2    program     static                          
                     loop   0x008d7c    program     static                          
                     loop   0x008e4c    program     static                          
                   loop_h   0x008e2a    program     static E:\3.46\pic18-lt\cxx-framework\src\traditional\proc\p18f4620.asm
                   loop_l   0x008e34    program     static E:\3.46\pic18-lt\cxx-framework\src\traditional\proc\p18f4620.asm
                  low_isr   0x0089a2    program     extern D:\Hoc_tap_PC\DA_TKLL\Bai10_TRAFFIC_UART\interrupt\interrupt.c
                     main   0x0024a0    program     extern D:\Hoc_tap_PC\DA_TKLL\Bai10_TRAFFIC_UART\main.c
              read_ds1307   0x00891c    program     extern D:\Hoc_tap_PC\DA_TKLL\Bai10_TRAFFIC_UART\i2c\i2c.c
          scan_key_matrix   0x00645e    program     extern D:\Hoc_tap_PC\DA_TKLL\Bai10_TRAFFIC_UART\button_matrix\button.c
   scan_key_matrix_1_line   0x00671c    program     extern D:\Hoc_tap_PC\DA_TKLL\Bai10_TRAFFIC_UART\button_matrix\button.c
     scan_key_matrix_demo   0x006a20    program     extern D:\Hoc_tap_PC\DA_TKLL\Bai10_TRAFFIC_UART\button_matrix\button.c
scan_key_matrix_new_board   0x006b46    program     extern D:\Hoc_tap_PC\DA_TKLL\Bai10_TRAFFIC_UART\button_matrix\button.c
scan_key_matrix_with_uart   0x0065bc    program     extern D:\Hoc_tap_PC\DA_TKLL\Bai10_TRAFFIC_UART\button_matrix\button.c
scan_key_matrix_with_uart_i2c   0x006850    program     extern D:\Hoc_tap_PC\DA_TKLL\Bai10_TRAFFIC_UART\button_matrix\button.c
            scan_led_7seg   0x00834a    program     extern D:\Hoc_tap_PC\DA_TKLL\Bai10_TRAFFIC_UART\spi\spi.c
            setByTerminal   0x00566c    program     extern D:\Hoc_tap_PC\DA_TKLL\Bai10_TRAFFIC_UART\app\setByTerminal.c
                  setTime   0x0010e8    program     extern D:\Hoc_tap_PC\DA_TKLL\Bai10_TRAFFIC_UART\app\schedule.c
                  spi_clk   0x008250    program     extern D:\Hoc_tap_PC\DA_TKLL\Bai10_TRAFFIC_UART\spi\spi.c
             spi_delay_us   0x0081f4    program     extern D:\Hoc_tap_PC\DA_TKLL\Bai10_TRAFFIC_UART\spi\spi.c
             spi_latch_en   0x00826e    program     extern D:\Hoc_tap_PC\DA_TKLL\Bai10_TRAFFIC_UART\spi\spi.c
            spi_send_data   0x008274    program     extern D:\Hoc_tap_PC\DA_TKLL\Bai10_TRAFFIC_UART\spi\spi.c
             start_timer0   0x007d86    program     extern D:\Hoc_tap_PC\DA_TKLL\Bai10_TRAFFIC_UART\timer\timer.c
             start_timer1   0x007ecc    program     extern D:\Hoc_tap_PC\DA_TKLL\Bai10_TRAFFIC_UART\timer\timer.c
             start_timer2   0x007f88    program     extern D:\Hoc_tap_PC\DA_TKLL\Bai10_TRAFFIC_UART\timer\timer.c
             start_timer3   0x00804a    program     extern D:\Hoc_tap_PC\DA_TKLL\Bai10_TRAFFIC_UART\timer\timer.c
              stop_timer0   0x007d82    program     extern D:\Hoc_tap_PC\DA_TKLL\Bai10_TRAFFIC_UART\timer\timer.c
              stop_timer1   0x007f58    program     extern D:\Hoc_tap_PC\DA_TKLL\Bai10_TRAFFIC_UART\timer\timer.c
              stop_timer2   0x007f90    program     extern D:\Hoc_tap_PC\DA_TKLL\Bai10_TRAFFIC_UART\timer\timer.c
              stop_timer3   0x0080d6    program     extern D:\Hoc_tap_PC\DA_TKLL\Bai10_TRAFFIC_UART\timer\timer.c
                  str_cmp   0x0055f2    program     extern D:\Hoc_tap_PC\DA_TKLL\Bai10_TRAFFIC_UART\app\setByTerminal.c
                 str_cmp2   0x002426    program     extern D:\Hoc_tap_PC\DA_TKLL\Bai10_TRAFFIC_UART\main.c
                     test   0x008c7a    program     static                          
               timer0_isr   0x0080da    program     extern D:\Hoc_tap_PC\DA_TKLL\Bai10_TRAFFIC_UART\timer\timer.c
               timer1_isr   0x0080f6    program     extern D:\Hoc_tap_PC\DA_TKLL\Bai10_TRAFFIC_UART\timer\timer.c
               timer2_isr   0x008112    program     extern D:\Hoc_tap_PC\DA_TKLL\Bai10_TRAFFIC_UART\timer\timer.c
               timer3_isr   0x00812e    program     extern D:\Hoc_tap_PC\DA_TKLL\Bai10_TRAFFIC_UART\timer\timer.c
            uart_delay_ms   0x007776    program     extern D:\Hoc_tap_PC\DA_TKLL\Bai10_TRAFFIC_UART\uart\uart.c
                 uart_isr   0x0078a6    program     extern D:\Hoc_tap_PC\DA_TKLL\Bai10_TRAFFIC_UART\uart\uart.c
            uart_power_of   0x00790e    program     extern D:\Hoc_tap_PC\DA_TKLL\Bai10_TRAFFIC_UART\uart\uart.c
             uart_putchar   0x0077fe    program     extern D:\Hoc_tap_PC\DA_TKLL\Bai10_TRAFFIC_UART\uart\uart.c
            uart_send_str   0x00781a    program     extern D:\Hoc_tap_PC\DA_TKLL\Bai10_TRAFFIC_UART\uart\uart.c
          update_led_7seg   0x00841e    program     extern D:\Hoc_tap_PC\DA_TKLL\Bai10_TRAFFIC_UART\spi\spi.c
                 v_timer0   0x0043a8    program     extern D:\Hoc_tap_PC\DA_TKLL\Bai10_TRAFFIC_UART\lcd\lcd.c
             write_ds1307   0x0088b2    program     extern D:\Hoc_tap_PC\DA_TKLL\Bai10_TRAFFIC_UART\i2c\i2c.c
               zero_block   0x008e2a    program     static E:\3.46\pic18-lt\cxx-framework\src\traditional\proc\p18f4620.asm
                   ADCON0   0x000fc2       data     extern E:\3.46\pic18-lt\cxx-framework\src\traditional\proc\p18f4620.asm
               ADCON0bits   0x000fc2       data     extern E:\3.46\pic18-lt\cxx-framework\src\traditional\proc\p18f4620.asm
                   ADCON1   0x000fc1       data     extern E:\3.46\pic18-lt\cxx-framework\src\traditional\proc\p18f4620.asm
               ADCON1bits   0x000fc1       data     extern E:\3.46\pic18-lt\cxx-framework\src\traditional\proc\p18f4620.asm
                   ADCON2   0x000fc0       data     extern E:\3.46\pic18-lt\cxx-framework\src\traditional\proc\p18f4620.asm
               ADCON2bits   0x000fc0       data     extern E:\3.46\pic18-lt\cxx-framework\src\traditional\proc\p18f4620.asm
                    ADRES   0x000fc3       data     extern E:\3.46\pic18-lt\cxx-framework\src\traditional\proc\p18f4620.asm
                   ADRESH   0x000fc4       data     extern E:\3.46\pic18-lt\cxx-framework\src\traditional\proc\p18f4620.asm
                   ADRESL   0x000fc3       data     extern E:\3.46\pic18-lt\cxx-framework\src\traditional\proc\p18f4620.asm
                  BAUDCON   0x000fb8       data     extern E:\3.46\pic18-lt\cxx-framework\src\traditional\proc\p18f4620.asm
              BAUDCONbits   0x000fb8       data     extern E:\3.46\pic18-lt\cxx-framework\src\traditional\proc\p18f4620.asm
                  BAUDCTL   0x000fb8       data     extern E:\3.46\pic18-lt\cxx-framework\src\traditional\proc\p18f4620.asm
              BAUDCTLbits   0x000fb8       data     extern E:\3.46\pic18-lt\cxx-framework\src\traditional\proc\p18f4620.asm
                      BSR   0x000fe0       data     extern E:\3.46\pic18-lt\cxx-framework\src\traditional\proc\p18f4620.asm
                  CCP1CON   0x000fbd       data     extern E:\3.46\pic18-lt\cxx-framework\src\traditional\proc\p18f4620.asm
              CCP1CONbits   0x000fbd       data     extern E:\3.46\pic18-lt\cxx-framework\src\traditional\proc\p18f4620.asm
                  CCP2CON   0x000fba       data     extern E:\3.46\pic18-lt\cxx-framework\src\traditional\proc\p18f4620.asm
              CCP2CONbits   0x000fba       data     extern E:\3.46\pic18-lt\cxx-framework\src\traditional\proc\p18f4620.asm
                    CCPR1   0x000fbe       data     extern E:\3.46\pic18-lt\cxx-framework\src\traditional\proc\p18f4620.asm
                   CCPR1H   0x000fbf       data     extern E:\3.46\pic18-lt\cxx-framework\src\traditional\proc\p18f4620.asm
                   CCPR1L   0x000fbe       data     extern E:\3.46\pic18-lt\cxx-framework\src\traditional\proc\p18f4620.asm
                    CCPR2   0x000fbb       data     extern E:\3.46\pic18-lt\cxx-framework\src\traditional\proc\p18f4620.asm
                   CCPR2H   0x000fbc       data     extern E:\3.46\pic18-lt\cxx-framework\src\traditional\proc\p18f4620.asm
                   CCPR2L   0x000fbb       data     extern E:\3.46\pic18-lt\cxx-framework\src\traditional\proc\p18f4620.asm
                    CMCON   0x000fb4       data     extern E:\3.46\pic18-lt\cxx-framework\src\traditional\proc\p18f4620.asm
                CMCONbits   0x000fb4       data     extern E:\3.46\pic18-lt\cxx-framework\src\traditional\proc\p18f4620.asm
                   CVRCON   0x000fb5       data     extern E:\3.46\pic18-lt\cxx-framework\src\traditional\proc\p18f4620.asm
               CVRCONbits   0x000fb5       data     extern E:\3.46\pic18-lt\cxx-framework\src\traditional\proc\p18f4620.asm
                     DDRA   0x000f92       data     extern E:\3.46\pic18-lt\cxx-framework\src\traditional\proc\p18f4620.asm
                 DDRAbits   0x000f92       data     extern E:\3.46\pic18-lt\cxx-framework\src\traditional\proc\p18f4620.asm
                     DDRB   0x000f93       data     extern E:\3.46\pic18-lt\cxx-framework\src\traditional\proc\p18f4620.asm
                 DDRBbits   0x000f93       data     extern E:\3.46\pic18-lt\cxx-framework\src\traditional\proc\p18f4620.asm
                     DDRC   0x000f94       data     extern E:\3.46\pic18-lt\cxx-framework\src\traditional\proc\p18f4620.asm
                 DDRCbits   0x000f94       data     extern E:\3.46\pic18-lt\cxx-framework\src\traditional\proc\p18f4620.asm
                     DDRD   0x000f95       data     extern E:\3.46\pic18-lt\cxx-framework\src\traditional\proc\p18f4620.asm
                 DDRDbits   0x000f95       data     extern E:\3.46\pic18-lt\cxx-framework\src\traditional\proc\p18f4620.asm
                     DDRE   0x000f96       data     extern E:\3.46\pic18-lt\cxx-framework\src\traditional\proc\p18f4620.asm
                 DDREbits   0x000f96       data     extern E:\3.46\pic18-lt\cxx-framework\src\traditional\proc\p18f4620.asm
                  ECCP1AS   0x000fb6       data     extern E:\3.46\pic18-lt\cxx-framework\src\traditional\proc\p18f4620.asm
              ECCP1ASbits   0x000fb6       data     extern E:\3.46\pic18-lt\cxx-framework\src\traditional\proc\p18f4620.asm
                    EEADR   0x000fa9       data     extern E:\3.46\pic18-lt\cxx-framework\src\traditional\proc\p18f4620.asm
                   EEADRH   0x000faa       data     extern E:\3.46\pic18-lt\cxx-framework\src\traditional\proc\p18f4620.asm
                   EECON1   0x000fa6       data     extern E:\3.46\pic18-lt\cxx-framework\src\traditional\proc\p18f4620.asm
               EECON1bits   0x000fa6       data     extern E:\3.46\pic18-lt\cxx-framework\src\traditional\proc\p18f4620.asm
                   EECON2   0x000fa7       data     extern E:\3.46\pic18-lt\cxx-framework\src\traditional\proc\p18f4620.asm
                   EEDATA   0x000fa8       data     extern E:\3.46\pic18-lt\cxx-framework\src\traditional\proc\p18f4620.asm
                     FSR0   0x000fe9       data     extern E:\3.46\pic18-lt\cxx-framework\src\traditional\proc\p18f4620.asm
                    FSR0H   0x000fea       data     extern E:\3.46\pic18-lt\cxx-framework\src\traditional\proc\p18f4620.asm
                    FSR0L   0x000fe9       data     extern E:\3.46\pic18-lt\cxx-framework\src\traditional\proc\p18f4620.asm
                     FSR1   0x000fe1       data     extern E:\3.46\pic18-lt\cxx-framework\src\traditional\proc\p18f4620.asm
                    FSR1H   0x000fe2       data     extern E:\3.46\pic18-lt\cxx-framework\src\traditional\proc\p18f4620.asm
                    FSR1L   0x000fe1       data     extern E:\3.46\pic18-lt\cxx-framework\src\traditional\proc\p18f4620.asm
                     FSR2   0x000fd9       data     extern E:\3.46\pic18-lt\cxx-framework\src\traditional\proc\p18f4620.asm
                    FSR2H   0x000fda       data     extern E:\3.46\pic18-lt\cxx-framework\src\traditional\proc\p18f4620.asm
                    FSR2L   0x000fd9       data     extern E:\3.46\pic18-lt\cxx-framework\src\traditional\proc\p18f4620.asm
                  HLVDCON   0x000fd2       data     extern E:\3.46\pic18-lt\cxx-framework\src\traditional\proc\p18f4620.asm
              HLVDCONbits   0x000fd2       data     extern E:\3.46\pic18-lt\cxx-framework\src\traditional\proc\p18f4620.asm
                    INDF0   0x000fef       data     extern E:\3.46\pic18-lt\cxx-framework\src\traditional\proc\p18f4620.asm
                    INDF1   0x000fe7       data     extern E:\3.46\pic18-lt\cxx-framework\src\traditional\proc\p18f4620.asm
                    INDF2   0x000fdf       data     extern E:\3.46\pic18-lt\cxx-framework\src\traditional\proc\p18f4620.asm
                   INTCON   0x000ff2       data     extern E:\3.46\pic18-lt\cxx-framework\src\traditional\proc\p18f4620.asm
                  INTCON2   0x000ff1       data     extern E:\3.46\pic18-lt\cxx-framework\src\traditional\proc\p18f4620.asm
              INTCON2bits   0x000ff1       data     extern E:\3.46\pic18-lt\cxx-framework\src\traditional\proc\p18f4620.asm
                  INTCON3   0x000ff0       data     extern E:\3.46\pic18-lt\cxx-framework\src\traditional\proc\p18f4620.asm
              INTCON3bits   0x000ff0       data     extern E:\3.46\pic18-lt\cxx-framework\src\traditional\proc\p18f4620.asm
               INTCONbits   0x000ff2       data     extern E:\3.46\pic18-lt\cxx-framework\src\traditional\proc\p18f4620.asm
                     IPR1   0x000f9f       data     extern E:\3.46\pic18-lt\cxx-framework\src\traditional\proc\p18f4620.asm
                 IPR1bits   0x000f9f       data     extern E:\3.46\pic18-lt\cxx-framework\src\traditional\proc\p18f4620.asm
                     IPR2   0x000fa2       data     extern E:\3.46\pic18-lt\cxx-framework\src\traditional\proc\p18f4620.asm
                 IPR2bits   0x000fa2       data     extern E:\3.46\pic18-lt\cxx-framework\src\traditional\proc\p18f4620.asm
                     LATA   0x000f89       data     extern E:\3.46\pic18-lt\cxx-framework\src\traditional\proc\p18f4620.asm
                 LATAbits   0x000f89       data     extern E:\3.46\pic18-lt\cxx-framework\src\traditional\proc\p18f4620.asm
                     LATB   0x000f8a       data     extern E:\3.46\pic18-lt\cxx-framework\src\traditional\proc\p18f4620.asm
                 LATBbits   0x000f8a       data     extern E:\3.46\pic18-lt\cxx-framework\src\traditional\proc\p18f4620.asm
                     LATC   0x000f8b       data     extern E:\3.46\pic18-lt\cxx-framework\src\traditional\proc\p18f4620.asm
                 LATCbits   0x000f8b       data     extern E:\3.46\pic18-lt\cxx-framework\src\traditional\proc\p18f4620.asm
                     LATD   0x000f8c       data     extern E:\3.46\pic18-lt\cxx-framework\src\traditional\proc\p18f4620.asm
                 LATDbits   0x000f8c       data     extern E:\3.46\pic18-lt\cxx-framework\src\traditional\proc\p18f4620.asm
                     LATE   0x000f8d       data     extern E:\3.46\pic18-lt\cxx-framework\src\traditional\proc\p18f4620.asm
                 LATEbits   0x000f8d       data     extern E:\3.46\pic18-lt\cxx-framework\src\traditional\proc\p18f4620.asm
                   LVDCON   0x000fd2       data     extern E:\3.46\pic18-lt\cxx-framework\src\traditional\proc\p18f4620.asm
               LVDCONbits   0x000fd2       data     extern E:\3.46\pic18-lt\cxx-framework\src\traditional\proc\p18f4620.asm
            LcdListScreen   0x000265       data     extern D:\Hoc_tap_PC\DA_TKLL\Bai10_TRAFFIC_UART\lcd\lcd.c
                LcdScreen   0x000245       data     extern D:\Hoc_tap_PC\DA_TKLL\Bai10_TRAFFIC_UART\lcd\lcd.c
                   OSCCON   0x000fd3       data     extern E:\3.46\pic18-lt\cxx-framework\src\traditional\proc\p18f4620.asm
               OSCCONbits   0x000fd3       data     extern E:\3.46\pic18-lt\cxx-framework\src\traditional\proc\p18f4620.asm
                  OSCTUNE   0x000f9b       data     extern E:\3.46\pic18-lt\cxx-framework\src\traditional\proc\p18f4620.asm
              OSCTUNEbits   0x000f9b       data     extern E:\3.46\pic18-lt\cxx-framework\src\traditional\proc\p18f4620.asm
                       PC   0x000ff9       data     extern E:\3.46\pic18-lt\cxx-framework\src\traditional\proc\p18f4620.asm
                      PCL   0x000ff9       data     extern E:\3.46\pic18-lt\cxx-framework\src\traditional\proc\p18f4620.asm
                   PCLATH   0x000ffa       data     extern E:\3.46\pic18-lt\cxx-framework\src\traditional\proc\p18f4620.asm
                   PCLATU   0x000ffb       data     extern E:\3.46\pic18-lt\cxx-framework\src\traditional\proc\p18f4620.asm
                     PIE1   0x000f9d       data     extern E:\3.46\pic18-lt\cxx-framework\src\traditional\proc\p18f4620.asm
                 PIE1bits   0x000f9d       data     extern E:\3.46\pic18-lt\cxx-framework\src\traditional\proc\p18f4620.asm
                     PIE2   0x000fa0       data     extern E:\3.46\pic18-lt\cxx-framework\src\traditional\proc\p18f4620.asm
                 PIE2bits   0x000fa0       data     extern E:\3.46\pic18-lt\cxx-framework\src\traditional\proc\p18f4620.asm
                     PIR1   0x000f9e       data     extern E:\3.46\pic18-lt\cxx-framework\src\traditional\proc\p18f4620.asm
                 PIR1bits   0x000f9e       data     extern E:\3.46\pic18-lt\cxx-framework\src\traditional\proc\p18f4620.asm
                     PIR2   0x000fa1       data     extern E:\3.46\pic18-lt\cxx-framework\src\traditional\proc\p18f4620.asm
                 PIR2bits   0x000fa1       data     extern E:\3.46\pic18-lt\cxx-framework\src\traditional\proc\p18f4620.asm
                   PLUSW0   0x000feb       data     extern E:\3.46\pic18-lt\cxx-framework\src\traditional\proc\p18f4620.asm
                   PLUSW1   0x000fe3       data     extern E:\3.46\pic18-lt\cxx-framework\src\traditional\proc\p18f4620.asm
                   PLUSW2   0x000fdb       data     extern E:\3.46\pic18-lt\cxx-framework\src\traditional\proc\p18f4620.asm
                    PORTA   0x000f80       data     extern E:\3.46\pic18-lt\cxx-framework\src\traditional\proc\p18f4620.asm
                PORTAbits   0x000f80       data     extern E:\3.46\pic18-lt\cxx-framework\src\traditional\proc\p18f4620.asm
                    PORTB   0x000f81       data     extern E:\3.46\pic18-lt\cxx-framework\src\traditional\proc\p18f4620.asm
                PORTBbits   0x000f81       data     extern E:\3.46\pic18-lt\cxx-framework\src\traditional\proc\p18f4620.asm
                    PORTC   0x000f82       data     extern E:\3.46\pic18-lt\cxx-framework\src\traditional\proc\p18f4620.asm
                PORTCbits   0x000f82       data     extern E:\3.46\pic18-lt\cxx-framework\src\traditional\proc\p18f4620.asm
                    PORTD   0x000f83       data     extern E:\3.46\pic18-lt\cxx-framework\src\traditional\proc\p18f4620.asm
                PORTDbits   0x000f83       data     extern E:\3.46\pic18-lt\cxx-framework\src\traditional\proc\p18f4620.asm
                    PORTE   0x000f84       data     extern E:\3.46\pic18-lt\cxx-framework\src\traditional\proc\p18f4620.asm
                PORTEbits   0x000f84       data     extern E:\3.46\pic18-lt\cxx-framework\src\traditional\proc\p18f4620.asm
                 POSTDEC0   0x000fed       data     extern E:\3.46\pic18-lt\cxx-framework\src\traditional\proc\p18f4620.asm
                 POSTDEC1   0x000fe5       data     extern E:\3.46\pic18-lt\cxx-framework\src\traditional\proc\p18f4620.asm
                 POSTDEC2   0x000fdd       data     extern E:\3.46\pic18-lt\cxx-framework\src\traditional\proc\p18f4620.asm
                 POSTINC0   0x000fee       data     extern E:\3.46\pic18-lt\cxx-framework\src\traditional\proc\p18f4620.asm
                 POSTINC1   0x000fe6       data     extern E:\3.46\pic18-lt\cxx-framework\src\traditional\proc\p18f4620.asm
                 POSTINC2   0x000fde       data     extern E:\3.46\pic18-lt\cxx-framework\src\traditional\proc\p18f4620.asm
                      PR2   0x000fcb       data     extern E:\3.46\pic18-lt\cxx-framework\src\traditional\proc\p18f4620.asm
                  PREINC0   0x000fec       data     extern E:\3.46\pic18-lt\cxx-framework\src\traditional\proc\p18f4620.asm
                  PREINC1   0x000fe4       data     extern E:\3.46\pic18-lt\cxx-framework\src\traditional\proc\p18f4620.asm
                  PREINC2   0x000fdc       data     extern E:\3.46\pic18-lt\cxx-framework\src\traditional\proc\p18f4620.asm
                     PROD   0x000ff3       data     extern E:\3.46\pic18-lt\cxx-framework\src\traditional\proc\p18f4620.asm
                    PRODH   0x000ff4       data     extern E:\3.46\pic18-lt\cxx-framework\src\traditional\proc\p18f4620.asm
                    PRODL   0x000ff3       data     extern E:\3.46\pic18-lt\cxx-framework\src\traditional\proc\p18f4620.asm
                  PWM1CON   0x000fb7       data     extern E:\3.46\pic18-lt\cxx-framework\src\traditional\proc\p18f4620.asm
              PWM1CONbits   0x000fb7       data     extern E:\3.46\pic18-lt\cxx-framework\src\traditional\proc\p18f4620.asm
                     RCON   0x000fd0       data     extern E:\3.46\pic18-lt\cxx-framework\src\traditional\proc\p18f4620.asm
                 RCONbits   0x000fd0       data     extern E:\3.46\pic18-lt\cxx-framework\src\traditional\proc\p18f4620.asm
                    RCREG   0x000fae       data     extern E:\3.46\pic18-lt\cxx-framework\src\traditional\proc\p18f4620.asm
                    RCSTA   0x000fab       data     extern E:\3.46\pic18-lt\cxx-framework\src\traditional\proc\p18f4620.asm
                RCSTAbits   0x000fab       data     extern E:\3.46\pic18-lt\cxx-framework\src\traditional\proc\p18f4620.asm
                 SCH_Time   0x000307       data     extern D:\Hoc_tap_PC\DA_TKLL\Bai10_TRAFFIC_UART\app\schedule.c
                SCH_count   0x000301       data     extern D:\Hoc_tap_PC\DA_TKLL\Bai10_TRAFFIC_UART\app\schedule.c
                     SIGN   0x000000       data     extern E:\3.46\pic18-lt\cxx-framework\src\traditional\math\cmath18.asm
                    SPBRG   0x000faf       data     extern E:\3.46\pic18-lt\cxx-framework\src\traditional\proc\p18f4620.asm
                   SPBRGH   0x000fb0       data     extern E:\3.46\pic18-lt\cxx-framework\src\traditional\proc\p18f4620.asm
                   SSPADD   0x000fc8       data     extern E:\3.46\pic18-lt\cxx-framework\src\traditional\proc\p18f4620.asm
                   SSPBUF   0x000fc9       data     extern E:\3.46\pic18-lt\cxx-framework\src\traditional\proc\p18f4620.asm
                  SSPCON1   0x000fc6       data     extern E:\3.46\pic18-lt\cxx-framework\src\traditional\proc\p18f4620.asm
              SSPCON1bits   0x000fc6       data     extern E:\3.46\pic18-lt\cxx-framework\src\traditional\proc\p18f4620.asm
                  SSPCON2   0x000fc5       data     extern E:\3.46\pic18-lt\cxx-framework\src\traditional\proc\p18f4620.asm
              SSPCON2bits   0x000fc5       data     extern E:\3.46\pic18-lt\cxx-framework\src\traditional\proc\p18f4620.asm
                  SSPSTAT   0x000fc7       data     extern E:\3.46\pic18-lt\cxx-framework\src\traditional\proc\p18f4620.asm
              SSPSTATbits   0x000fc7       data     extern E:\3.46\pic18-lt\cxx-framework\src\traditional\proc\p18f4620.asm
                   STATUS   0x000fd8       data     extern E:\3.46\pic18-lt\cxx-framework\src\traditional\proc\p18f4620.asm
               STATUSbits   0x000fd8       data     extern E:\3.46\pic18-lt\cxx-framework\src\traditional\proc\p18f4620.asm
                   STKPTR   0x000ffc       data     extern E:\3.46\pic18-lt\cxx-framework\src\traditional\proc\p18f4620.asm
               STKPTRbits   0x000ffc       data     extern E:\3.46\pic18-lt\cxx-framework\src\traditional\proc\p18f4620.asm
                    T0CON   0x000fd5       data     extern E:\3.46\pic18-lt\cxx-framework\src\traditional\proc\p18f4620.asm
                T0CONbits   0x000fd5       data     extern E:\3.46\pic18-lt\cxx-framework\src\traditional\proc\p18f4620.asm
                    T1CON   0x000fcd       data     extern E:\3.46\pic18-lt\cxx-framework\src\traditional\proc\p18f4620.asm
                T1CONbits   0x000fcd       data     extern E:\3.46\pic18-lt\cxx-framework\src\traditional\proc\p18f4620.asm
                    T2CON   0x000fca       data     extern E:\3.46\pic18-lt\cxx-framework\src\traditional\proc\p18f4620.asm
                T2CONbits   0x000fca       data     extern E:\3.46\pic18-lt\cxx-framework\src\traditional\proc\p18f4620.asm
                    T3CON   0x000fb1       data     extern E:\3.46\pic18-lt\cxx-framework\src\traditional\proc\p18f4620.asm
                T3CONbits   0x000fb1       data     extern E:\3.46\pic18-lt\cxx-framework\src\traditional\proc\p18f4620.asm
                   TABLAT   0x000ff5       data     extern E:\3.46\pic18-lt\cxx-framework\src\traditional\proc\p18f4620.asm
                   TBLPTR   0x000ff6       data     extern E:\3.46\pic18-lt\cxx-framework\src\traditional\proc\p18f4620.asm
                  TBLPTRH   0x000ff7       data     extern E:\3.46\pic18-lt\cxx-framework\src\traditional\proc\p18f4620.asm
                  TBLPTRL   0x000ff6       data     extern E:\3.46\pic18-lt\cxx-framework\src\traditional\proc\p18f4620.asm
                  TBLPTRU   0x000ff8       data     extern E:\3.46\pic18-lt\cxx-framework\src\traditional\proc\p18f4620.asm
                TIME_hour   0x0004f3       data     extern D:\Hoc_tap_PC\DA_TKLL\Bai10_TRAFFIC_UART\app\time.c
              TIME_minute   0x0004f4       data     extern D:\Hoc_tap_PC\DA_TKLL\Bai10_TRAFFIC_UART\app\time.c
              TIME_second   0x0004f5       data     extern D:\Hoc_tap_PC\DA_TKLL\Bai10_TRAFFIC_UART\app\time.c
                    TMR0H   0x000fd7       data     extern E:\3.46\pic18-lt\cxx-framework\src\traditional\proc\p18f4620.asm
                    TMR0L   0x000fd6       data     extern E:\3.46\pic18-lt\cxx-framework\src\traditional\proc\p18f4620.asm
                    TMR1H   0x000fcf       data     extern E:\3.46\pic18-lt\cxx-framework\src\traditional\proc\p18f4620.asm
                    TMR1L   0x000fce       data     extern E:\3.46\pic18-lt\cxx-framework\src\traditional\proc\p18f4620.asm
                     TMR2   0x000fcc       data     extern E:\3.46\pic18-lt\cxx-framework\src\traditional\proc\p18f4620.asm
                    TMR3H   0x000fb3       data     extern E:\3.46\pic18-lt\cxx-framework\src\traditional\proc\p18f4620.asm
                    TMR3L   0x000fb2       data     extern E:\3.46\pic18-lt\cxx-framework\src\traditional\proc\p18f4620.asm
                      TOS   0x000ffd       data     extern E:\3.46\pic18-lt\cxx-framework\src\traditional\proc\p18f4620.asm
                     TOSH   0x000ffe       data     extern E:\3.46\pic18-lt\cxx-framework\src\traditional\proc\p18f4620.asm
                     TOSL   0x000ffd       data     extern E:\3.46\pic18-lt\cxx-framework\src\traditional\proc\p18f4620.asm
                     TOSU   0x000fff       data     extern E:\3.46\pic18-lt\cxx-framework\src\traditional\proc\p18f4620.asm
                    TRISA   0x000f92       data     extern E:\3.46\pic18-lt\cxx-framework\src\traditional\proc\p18f4620.asm
                TRISAbits   0x000f92       data     extern E:\3.46\pic18-lt\cxx-framework\src\traditional\proc\p18f4620.asm
                    TRISB   0x000f93       data     extern E:\3.46\pic18-lt\cxx-framework\src\traditional\proc\p18f4620.asm
                TRISBbits   0x000f93       data     extern E:\3.46\pic18-lt\cxx-framework\src\traditional\proc\p18f4620.asm
                    TRISC   0x000f94       data     extern E:\3.46\pic18-lt\cxx-framework\src\traditional\proc\p18f4620.asm
                TRISCbits   0x000f94       data     extern E:\3.46\pic18-lt\cxx-framework\src\traditional\proc\p18f4620.asm
                    TRISD   0x000f95       data     extern E:\3.46\pic18-lt\cxx-framework\src\traditional\proc\p18f4620.asm
                TRISDbits   0x000f95       data     extern E:\3.46\pic18-lt\cxx-framework\src\traditional\proc\p18f4620.asm
                    TRISE   0x000f96       data     extern E:\3.46\pic18-lt\cxx-framework\src\traditional\proc\p18f4620.asm
                TRISEbits   0x000f96       data     extern E:\3.46\pic18-lt\cxx-framework\src\traditional\proc\p18f4620.asm
                    TXREG   0x000fad       data     extern E:\3.46\pic18-lt\cxx-framework\src\traditional\proc\p18f4620.asm
                    TXSTA   0x000fac       data     extern E:\3.46\pic18-lt\cxx-framework\src\traditional\proc\p18f4620.asm
                TXSTAbits   0x000fac       data     extern E:\3.46\pic18-lt\cxx-framework\src\traditional\proc\p18f4620.asm
                 UserFont   0x000200       data     extern D:\Hoc_tap_PC\DA_TKLL\Bai10_TRAFFIC_UART\lcd\lcd.c
                        W   0x000fe8       data     extern E:\3.46\pic18-lt\cxx-framework\src\traditional\proc\p18f4620.asm
                   WDTCON   0x000fd1       data     extern E:\3.46\pic18-lt\cxx-framework\src\traditional\proc\p18f4620.asm
               WDTCONbits   0x000fd1       data     extern E:\3.46\pic18-lt\cxx-framework\src\traditional\proc\p18f4620.asm
                     WREG   0x000fe8       data     extern E:\3.46\pic18-lt\cxx-framework\src\traditional\proc\p18f4620.asm
                 __AARGB0   0x000009       data     extern E:\3.46\pic18-lt\cxx-framework\src\traditional\math\aarg.asm
                 __AARGB1   0x000008       data     extern E:\3.46\pic18-lt\cxx-framework\src\traditional\math\aarg.asm
                 __AARGB2   0x000007       data     extern E:\3.46\pic18-lt\cxx-framework\src\traditional\math\aarg.asm
                 __AARGB3   0x000006       data     extern E:\3.46\pic18-lt\cxx-framework\src\traditional\math\aarg.asm
                 __AARGB4   0x000005       data     extern E:\3.46\pic18-lt\cxx-framework\src\traditional\math\aarg.asm
                 __AARGB5   0x000004       data     extern E:\3.46\pic18-lt\cxx-framework\src\traditional\math\aarg.asm
                 __AARGB6   0x000003       data     extern E:\3.46\pic18-lt\cxx-framework\src\traditional\math\aarg.asm
                 __AARGB7   0x000002       data     extern E:\3.46\pic18-lt\cxx-framework\src\traditional\math\aarg.asm
                   __AEXP   0x00000a       data     extern E:\3.46\pic18-lt\cxx-framework\src\traditional\math\aarg.asm
                 __BARGB0   0x00000e       data     extern E:\3.46\pic18-lt\cxx-framework\src\traditional\math\barg.asm
                 __BARGB1   0x00000d       data     extern E:\3.46\pic18-lt\cxx-framework\src\traditional\math\barg.asm
                 __BARGB2   0x00000c       data     extern E:\3.46\pic18-lt\cxx-framework\src\traditional\math\barg.asm
                 __BARGB3   0x00000b       data     extern E:\3.46\pic18-lt\cxx-framework\src\traditional\math\barg.asm
                   __BEXP   0x00000f       data     extern E:\3.46\pic18-lt\cxx-framework\src\traditional\math\barg.asm
                __FPFLAGS   0x000001       data     extern E:\3.46\pic18-lt\cxx-framework\src\traditional\math\cmath18.asm
            __FPFLAGSbits   0x000001       data     extern E:\3.46\pic18-lt\cxx-framework\src\traditional\math\cmath18.asm
                  __REMB0   0x000005       data     extern E:\3.46\pic18-lt\cxx-framework\src\traditional\math\aarg.asm
                  __REMB1   0x000004       data     extern E:\3.46\pic18-lt\cxx-framework\src\traditional\math\aarg.asm
                  __REMB2   0x000003       data     extern E:\3.46\pic18-lt\cxx-framework\src\traditional\math\aarg.asm
                  __REMB3   0x000002       data     extern E:\3.46\pic18-lt\cxx-framework\src\traditional\math\aarg.asm
                  __tmp_0   0x000010       data     static D:\Hoc_tap_PC\DA_TKLL\Bai10_TRAFFIC_UART\app\schedule.c
                  __tmp_0   0x000010       data     static D:\Hoc_tap_PC\DA_TKLL\Bai10_TRAFFIC_UART\app\traffic_led.c
                  __tmp_0   0x000010       data     static D:\Hoc_tap_PC\DA_TKLL\Bai10_TRAFFIC_UART\main.c
                  __tmp_0   0x000010       data     static D:\Hoc_tap_PC\DA_TKLL\Bai10_TRAFFIC_UART\spi\spi.c
                  __tmp_0   0x000010       data     static D:\Hoc_tap_PC\DA_TKLL\Bai10_TRAFFIC_UART\i2c\i2c.c
                  __tmp_0   0x000010       data     static D:\Hoc_tap_PC\DA_TKLL\Bai10_TRAFFIC_UART\timer\timer.c
                  __tmp_0   0x000010       data     static D:\Hoc_tap_PC\DA_TKLL\Bai10_TRAFFIC_UART\uart\uart.c
                  __tmp_0   0x000010       data     static D:\Hoc_tap_PC\DA_TKLL\Bai10_TRAFFIC_UART\app\setByTerminal.c
                  __tmp_0   0x000010       data     static D:\Hoc_tap_PC\DA_TKLL\Bai10_TRAFFIC_UART\lcd\lcd.c
                  __tmp_0   0x000010       data     static D:\Hoc_tap_PC\DA_TKLL\Bai10_TRAFFIC_UART\button_matrix\button.c
                  ack_bit   0x0003ff       data     extern D:\Hoc_tap_PC\DA_TKLL\Bai10_TRAFFIC_UART\i2c\i2c.c
                 ack_flag   0x0000fd       data     extern D:\Hoc_tap_PC\DA_TKLL\Bai10_TRAFFIC_UART\i2c\i2c.c
         arrayMapOfOutput   0x0001f0       data     extern D:\Hoc_tap_PC\DA_TKLL\Bai10_TRAFFIC_UART\app\traffic_led.c
      arrayMaskInputOfKey   0x0000a4       data     extern D:\Hoc_tap_PC\DA_TKLL\Bai10_TRAFFIC_UART\button_matrix\button.c
     arrayMaskOutputOfKey   0x0000a0       data     extern D:\Hoc_tap_PC\DA_TKLL\Bai10_TRAFFIC_UART\button_matrix\button.c
             buf_led_7seg   0x0000c8       data     extern D:\Hoc_tap_PC\DA_TKLL\Bai10_TRAFFIC_UART\spi\spi.c
                 byte_num   0x0000e6       data     extern D:\Hoc_tap_PC\DA_TKLL\Bai10_TRAFFIC_UART\i2c\i2c.c
                      cmd   0x000401       data     extern D:\Hoc_tap_PC\DA_TKLL\Bai10_TRAFFIC_UART\app\setByTerminal.c
                   cmdRec   0x000127       data     extern D:\Hoc_tap_PC\DA_TKLL\Bai10_TRAFFIC_UART\main.c
            cmdRec_length   0x000145       data     extern D:\Hoc_tap_PC\DA_TKLL\Bai10_TRAFFIC_UART\main.c
              cmd_ADD_SCH   0x000181       data     extern D:\Hoc_tap_PC\DA_TKLL\Bai10_TRAFFIC_UART\main.c
              cmd_DEL_SCH   0x00019b       data     extern D:\Hoc_tap_PC\DA_TKLL\Bai10_TRAFFIC_UART\main.c
              cmd_EDI_SCH   0x00018e       data     extern D:\Hoc_tap_PC\DA_TKLL\Bai10_TRAFFIC_UART\main.c
                 cmd_SAVE   0x00045a       data     extern D:\Hoc_tap_PC\DA_TKLL\Bai10_TRAFFIC_UART\app\setByTerminal.c
                 cmd_SCHE   0x000431       data     extern D:\Hoc_tap_PC\DA_TKLL\Bai10_TRAFFIC_UART\app\setByTerminal.c
             cmd_SCHE_ADD   0x00046e       data     extern D:\Hoc_tap_PC\DA_TKLL\Bai10_TRAFFIC_UART\app\setByTerminal.c
             cmd_SCHE_DEL   0x00047d       data     extern D:\Hoc_tap_PC\DA_TKLL\Bai10_TRAFFIC_UART\app\setByTerminal.c
             cmd_SCHE_END   0x000492       data     extern D:\Hoc_tap_PC\DA_TKLL\Bai10_TRAFFIC_UART\app\setByTerminal.c
             cmd_SCHE_NUM   0x000464       data     extern D:\Hoc_tap_PC\DA_TKLL\Bai10_TRAFFIC_UART\app\setByTerminal.c
              cmd_SCHE_P1   0x000498       data     extern D:\Hoc_tap_PC\DA_TKLL\Bai10_TRAFFIC_UART\app\setByTerminal.c
              cmd_SCHE_P2   0x00049e       data     extern D:\Hoc_tap_PC\DA_TKLL\Bai10_TRAFFIC_UART\app\setByTerminal.c
             cmd_SCHE_STA   0x00048c       data     extern D:\Hoc_tap_PC\DA_TKLL\Bai10_TRAFFIC_UART\app\setByTerminal.c
              cmd_SET_MAN   0x000154       data     extern D:\Hoc_tap_PC\DA_TKLL\Bai10_TRAFFIC_UART\main.c
              cmd_SET_NOR   0x000147       data     extern D:\Hoc_tap_PC\DA_TKLL\Bai10_TRAFFIC_UART\main.c
             cmd_SET_SCHE   0x00044d       data     extern D:\Hoc_tap_PC\DA_TKLL\Bai10_TRAFFIC_UART\app\setByTerminal.c
[...]
                TRISBbits   0x000f93       data     extern E:\3.46\pic18-lt\cxx-framework\src\traditional\proc\p18f4620.asm
                     DDRC   0x000f94       data     extern E:\3.46\pic18-lt\cxx-framework\src\traditional\proc\p18f4620.asm
                 DDRCbits   0x000f94       data     extern E:\3.46\pic18-lt\cxx-framework\src\traditional\proc\p18f4620.asm
                    TRISC   0x000f94       data     extern E:\3.46\pic18-lt\cxx-framework\src\traditional\proc\p18f4620.asm
                TRISCbits   0x000f94       data     extern E:\3.46\pic18-lt\cxx-framework\src\traditional\proc\p18f4620.asm
                 DDRDbits   0x000f95       data     extern E:\3.46\pic18-lt\cxx-framework\src\traditional\proc\p18f4620.asm
                     DDRD   0x000f95       data     extern E:\3.46\pic18-lt\cxx-framework\src\traditional\proc\p18f4620.asm
                TRISDbits   0x000f95       data     extern E:\3.46\pic18-lt\cxx-framework\src\traditional\proc\p18f4620.asm
                    TRISD   0x000f95       data     extern E:\3.46\pic18-lt\cxx-framework\src\traditional\proc\p18f4620.asm
                    TRISE   0x000f96       data     extern E:\3.46\pic18-lt\cxx-framework\src\traditional\proc\p18f4620.asm
                TRISEbits   0x000f96       data     extern E:\3.46\pic18-lt\cxx-framework\src\traditional\proc\p18f4620.asm
                     DDRE   0x000f96       data     extern E:\3.46\pic18-lt\cxx-framework\src\traditional\proc\p18f4620.asm
                 DDREbits   0x000f96       data     extern E:\3.46\pic18-lt\cxx-framework\src\traditional\proc\p18f4620.asm
              OSCTUNEbits   0x000f9b       data     extern E:\3.46\pic18-lt\cxx-framework\src\traditional\proc\p18f4620.asm
                  OSCTUNE   0x000f9b       data     extern E:\3.46\pic18-lt\cxx-framework\src\traditional\proc\p18f4620.asm
                 PIE1bits   0x000f9d       data     extern E:\3.46\pic18-lt\cxx-framework\src\traditional\proc\p18f4620.asm
                     PIE1   0x000f9d       data     extern E:\3.46\pic18-lt\cxx-framework\src\traditional\proc\p18f4620.asm
                     PIR1   0x000f9e       data     extern E:\3.46\pic18-lt\cxx-framework\src\traditional\proc\p18f4620.asm
                 PIR1bits   0x000f9e       data     extern E:\3.46\pic18-lt\cxx-framework\src\traditional\proc\p18f4620.asm
                     IPR1   0x000f9f       data     extern E:\3.46\pic18-lt\cxx-framework\src\traditional\proc\p18f4620.asm
                 IPR1bits   0x000f9f       data     extern E:\3.46\pic18-lt\cxx-framework\src\traditional\proc\p18f4620.asm
                 PIE2bits   0x000fa0       data     extern E:\3.46\pic18-lt\cxx-framework\src\traditional\proc\p18f4620.asm
                     PIE2   0x000fa0       data     extern E:\3.46\pic18-lt\cxx-framework\src\traditional\proc\p18f4620.asm
                 PIR2bits   0x000fa1       data     extern E:\3.46\pic18-lt\cxx-framework\src\traditional\proc\p18f4620.asm
                     PIR2   0x000fa1       data     extern E:\3.46\pic18-lt\cxx-framework\src\traditional\proc\p18f4620.asm
                     IPR2   0x000fa2       data     extern E:\3.46\pic18-lt\cxx-framework\src\traditional\proc\p18f4620.asm
                 IPR2bits   0x000fa2       data     extern E:\3.46\pic18-lt\cxx-framework\src\traditional\proc\p18f4620.asm
               EECON1bits   0x000fa6       data     extern E:\3.46\pic18-lt\cxx-framework\src\traditional\proc\p18f4620.asm
                   EECON1   0x000fa6       data     extern E:\3.46\pic18-lt\cxx-framework\src\traditional\proc\p18f4620.asm
                   EECON2   0x000fa7       data     extern E:\3.46\pic18-lt\cxx-framework\src\traditional\proc\p18f4620.asm
                   EEDATA   0x000fa8       data     extern E:\3.46\pic18-lt\cxx-framework\src\traditional\proc\p18f4620.asm
                    EEADR   0x000fa9       data     extern E:\3.46\pic18-lt\cxx-framework\src\traditional\proc\p18f4620.asm
                   EEADRH   0x000faa       data     extern E:\3.46\pic18-lt\cxx-framework\src\traditional\proc\p18f4620.asm
                RCSTAbits   0x000fab       data     extern E:\3.46\pic18-lt\cxx-framework\src\traditional\proc\p18f4620.asm
                    RCSTA   0x000fab       data     extern E:\3.46\pic18-lt\cxx-framework\src\traditional\proc\p18f4620.asm
                    TXSTA   0x000fac       data     extern E:\3.46\pic18-lt\cxx-framework\src\traditional\proc\p18f4620.asm
                TXSTAbits   0x000fac       data     extern E:\3.46\pic18-lt\cxx-framework\src\traditional\proc\p18f4620.asm
                    TXREG   0x000fad       data     extern E:\3.46\pic18-lt\cxx-framework\src\traditional\proc\p18f4620.asm
                    RCREG   0x000fae       data     extern E:\3.46\pic18-lt\cxx-framework\src\traditional\proc\p18f4620.asm
                    SPBRG   0x000faf       data     extern E:\3.46\pic18-lt\cxx-framework\src\traditional\proc\p18f4620.asm
                   SPBRGH   0x000fb0       data     extern E:\3.46\pic18-lt\cxx-framework\src\traditional\proc\p18f4620.asm
                    T3CON   0x000fb1       data     extern E:\3.46\pic18-lt\cxx-framework\src\traditional\proc\p18f4620.asm
                T3CONbits   0x000fb1       data     extern E:\3.46\pic18-lt\cxx-framework\src\traditional\proc\p18f4620.asm
                    TMR3L   0x000fb2       data     extern E:\3.46\pic18-lt\cxx-framework\src\traditional\proc\p18f4620.asm
                    TMR3H   0x000fb3       data     extern E:\3.46\pic18-lt\cxx-framework\src\traditional\proc\p18f4620.asm
                    CMCON   0x000fb4       data     extern E:\3.46\pic18-lt\cxx-framework\src\traditional\proc\p18f4620.asm
                CMCONbits   0x000fb4       data     extern E:\3.46\pic18-lt\cxx-framework\src\traditional\proc\p18f4620.asm
               CVRCONbits   0x000fb5       data     extern E:\3.46\pic18-lt\cxx-framework\src\traditional\proc\p18f4620.asm
                   CVRCON   0x000fb5       data     extern E:\3.46\pic18-lt\cxx-framework\src\traditional\proc\p18f4620.asm
              ECCP1ASbits   0x000fb6       data     extern E:\3.46\pic18-lt\cxx-framework\src\traditional\proc\p18f4620.asm
                  ECCP1AS   0x000fb6       data     extern E:\3.46\pic18-lt\cxx-framework\src\traditional\proc\p18f4620.asm
              PWM1CONbits   0x000fb7       data     extern E:\3.46\pic18-lt\cxx-framework\src\traditional\proc\p18f4620.asm
                  PWM1CON   0x000fb7       data     extern E:\3.46\pic18-lt\cxx-framework\src\traditional\proc\p18f4620.asm
                  BAUDCON   0x000fb8       data     extern E:\3.46\pic18-lt\cxx-framework\src\traditional\proc\p18f4620.asm
              BAUDCONbits   0x000fb8       data     extern E:\3.46\pic18-lt\cxx-framework\src\traditional\proc\p18f4620.asm
                  BAUDCTL   0x000fb8       data     extern E:\3.46\pic18-lt\cxx-framework\src\traditional\proc\p18f4620.asm
              BAUDCTLbits   0x000fb8       data     extern E:\3.46\pic18-lt\cxx-framework\src\traditional\proc\p18f4620.asm
                  CCP2CON   0x000fba       data     extern E:\3.46\pic18-lt\cxx-framework\src\traditional\proc\p18f4620.asm
              CCP2CONbits   0x000fba       data     extern E:\3.46\pic18-lt\cxx-framework\src\traditional\proc\p18f4620.asm
                    CCPR2   0x000fbb       data     extern E:\3.46\pic18-lt\cxx-framework\src\traditional\proc\p18f4620.asm
                   CCPR2L   0x000fbb       data     extern E:\3.46\pic18-lt\cxx-framework\src\traditional\proc\p18f4620.asm
                   CCPR2H   0x000fbc       data     extern E:\3.46\pic18-lt\cxx-framework\src\traditional\proc\p18f4620.asm
              CCP1CONbits   0x000fbd       data     extern E:\3.46\pic18-lt\cxx-framework\src\traditional\proc\p18f4620.asm
                  CCP1CON   0x000fbd       data     extern E:\3.46\pic18-lt\cxx-framework\src\traditional\proc\p18f4620.asm
                    CCPR1   0x000fbe       data     extern E:\3.46\pic18-lt\cxx-framework\src\traditional\proc\p18f4620.asm
                   CCPR1L   0x000fbe       data     extern E:\3.46\pic18-lt\cxx-framework\src\traditional\proc\p18f4620.asm
                   CCPR1H   0x000fbf       data     extern E:\3.46\pic18-lt\cxx-framework\src\traditional\proc\p18f4620.asm
               ADCON2bits   0x000fc0       data     extern E:\3.46\pic18-lt\cxx-framework\src\traditional\proc\p18f4620.asm
                   ADCON2   0x000fc0       data     extern E:\3.46\pic18-lt\cxx-framework\src\traditional\proc\p18f4620.asm
               ADCON1bits   0x000fc1       data     extern E:\3.46\pic18-lt\cxx-framework\src\traditional\proc\p18f4620.asm
                   ADCON1   0x000fc1       data     extern E:\3.46\pic18-lt\cxx-framework\src\traditional\proc\p18f4620.asm
               ADCON0bits   0x000fc2       data     extern E:\3.46\pic18-lt\cxx-framework\src\traditional\proc\p18f4620.asm
                   ADCON0   0x000fc2       data     extern E:\3.46\pic18-lt\cxx-framework\src\traditional\proc\p18f4620.asm
                    ADRES   0x000fc3       data     extern E:\3.46\pic18-lt\cxx-framework\src\traditional\proc\p18f4620.asm
                   ADRESL   0x000fc3       data     extern E:\3.46\pic18-lt\cxx-framework\src\traditional\proc\p18f4620.asm
                   ADRESH   0x000fc4       data     extern E:\3.46\pic18-lt\cxx-framework\src\traditional\proc\p18f4620.asm
              SSPCON2bits   0x000fc5       data     extern E:\3.46\pic18-lt\cxx-framework\src\traditional\proc\p18f4620.asm
                  SSPCON2   0x000fc5       data     extern E:\3.46\pic18-lt\cxx-framework\src\traditional\proc\p18f4620.asm
                  SSPCON1   0x000fc6       data     extern E:\3.46\pic18-lt\cxx-framework\src\traditional\proc\p18f4620.asm
              SSPCON1bits   0x000fc6       data     extern E:\3.46\pic18-lt\cxx-framework\src\traditional\proc\p18f4620.asm
              SSPSTATbits   0x000fc7       data     extern E:\3.46\pic18-lt\cxx-framework\src\traditional\proc\p18f4620.asm
                  SSPSTAT   0x000fc7       data     extern E:\3.46\pic18-lt\cxx-framework\src\traditional\proc\p18f4620.asm
                   SSPADD   0x000fc8       data     extern E:\3.46\pic18-lt\cxx-framework\src\traditional\proc\p18f4620.asm
                   SSPBUF   0x000fc9       data     extern E:\3.46\pic18-lt\cxx-framework\src\traditional\proc\p18f4620.asm
                    T2CON   0x000fca       data     extern E:\3.46\pic18-lt\cxx-framework\src\traditional\proc\p18f4620.asm
                T2CONbits   0x000fca       data     extern E:\3.46\pic18-lt\cxx-framework\src\traditional\proc\p18f4620.asm
                      PR2   0x000fcb       data     extern E:\3.46\pic18-lt\cxx-framework\src\traditional\proc\p18f4620.asm
                     TMR2   0x000fcc       data     extern E:\3.46\pic18-lt\cxx-framework\src\traditional\proc\p18f4620.asm
                T1CONbits   0x000fcd       data     extern E:\3.46\pic18-lt\cxx-framework\src\traditional\proc\p18f4620.asm
                    T1CON   0x000fcd       data     extern E:\3.46\pic18-lt\cxx-framework\src\traditional\proc\p18f4620.asm
                    TMR1L   0x000fce       data     extern E:\3.46\pic18-lt\cxx-framework\src\traditional\proc\p18f4620.asm
                    TMR1H   0x000fcf       data     extern E:\3.46\pic18-lt\cxx-framework\src\traditional\proc\p18f4620.asm
                     RCON   0x000fd0       data     extern E:\3.46\pic18-lt\cxx-framework\src\traditional\proc\p18f4620.asm
                 RCONbits   0x000fd0       data     extern E:\3.46\pic18-lt\cxx-framework\src\traditional\proc\p18f4620.asm
               WDTCONbits   0x000fd1       data     extern E:\3.46\pic18-lt\cxx-framework\src\traditional\proc\p18f4620.asm
                   WDTCON   0x000fd1       data     extern E:\3.46\pic18-lt\cxx-framework\src\traditional\proc\p18f4620.asm
                  HLVDCON   0x000fd2       data     extern E:\3.46\pic18-lt\cxx-framework\src\traditional\proc\p18f4620.asm
              HLVDCONbits   0x000fd2       data     extern E:\3.46\pic18-lt\cxx-framework\src\traditional\proc\p18f4620.asm
                   LVDCON   0x000fd2       data     extern E:\3.46\pic18-lt\cxx-framework\src\traditional\proc\p18f4620.asm
               LVDCONbits   0x000fd2       data     extern E:\3.46\pic18-lt\cxx-framework\src\traditional\proc\p18f4620.asm
               OSCCONbits   0x000fd3       data     extern E:\3.46\pic18-lt\cxx-framework\src\traditional\proc\p18f4620.asm
                   OSCCON   0x000fd3       data     extern E:\3.46\pic18-lt\cxx-framework\src\traditional\proc\p18f4620.asm
                    T0CON   0x000fd5       data     extern E:\3.46\pic18-lt\cxx-framework\src\traditional\proc\p18f4620.asm
                T0CONbits   0x000fd5       data     extern E:\3.46\pic18-lt\cxx-framework\src\traditional\proc\p18f4620.asm
                    TMR0L   0x000fd6       data     extern E:\3.46\pic18-lt\cxx-framework\src\traditional\proc\p18f4620.asm
                    TMR0H   0x000fd7       data     extern E:\3.46\pic18-lt\cxx-framework\src\traditional\proc\p18f4620.asm
               STATUSbits   0x000fd8       data     extern E:\3.46\pic18-lt\cxx-framework\src\traditional\proc\p18f4620.asm
                   STATUS   0x000fd8       data     extern E:\3.46\pic18-lt\cxx-framework\src\traditional\proc\p18f4620.asm
                    FSR2L   0x000fd9       data     extern E:\3.46\pic18-lt\cxx-framework\src\traditional\proc\p18f4620.asm
                     FSR2   0x000fd9       data     extern E:\3.46\pic18-lt\cxx-framework\src\traditional\proc\p18f4620.asm
                    FSR2H   0x000fda       data     extern E:\3.46\pic18-lt\cxx-framework\src\traditional\proc\p18f4620.asm
                   PLUSW2   0x000fdb       data     extern E:\3.46\pic18-lt\cxx-framework\src\traditional\proc\p18f4620.asm
                  PREINC2   0x000fdc       data     extern E:\3.46\pic18-lt\cxx-framework\src\traditional\proc\p18f4620.asm
                 POSTDEC2   0x000fdd       data     extern E:\3.46\pic18-lt\cxx-framework\src\traditional\proc\p18f4620.asm
                 POSTINC2   0x000fde       data     extern E:\3.46\pic18-lt\cxx-framework\src\traditional\proc\p18f4620.asm
                    INDF2   0x000fdf       data     extern E:\3.46\pic18-lt\cxx-framework\src\traditional\proc\p18f4620.asm
                      BSR   0x000fe0       data     extern E:\3.46\pic18-lt\cxx-framework\src\traditional\proc\p18f4620.asm
                     FSR1   0x000fe1       data     extern E:\3.46\pic18-lt\cxx-framework\src\traditional\proc\p18f4620.asm
                    FSR1L   0x000fe1       data     extern E:\3.46\pic18-lt\cxx-framework\src\traditional\proc\p18f4620.asm
                    FSR1H   0x000fe2       data     extern E:\3.46\pic18-lt\cxx-framework\src\traditional\proc\p18f4620.asm
                   PLUSW1   0x000fe3       data     extern E:\3.46\pic18-lt\cxx-framework\src\traditional\proc\p18f4620.asm
                  PREINC1   0x000fe4       data     extern E:\3.46\pic18-lt\cxx-framework\src\traditional\proc\p18f4620.asm
                 POSTDEC1   0x000fe5       data     extern E:\3.46\pic18-lt\cxx-framework\src\traditional\proc\p18f4620.asm
                 POSTINC1   0x000fe6       data     extern E:\3.46\pic18-lt\cxx-framework\src\traditional\proc\p18f4620.asm
                    INDF1   0x000fe7       data     extern E:\3.46\pic18-lt\cxx-framework\src\traditional\proc\p18f4620.asm
                        W   0x000fe8       data     extern E:\3.46\pic18-lt\cxx-framework\src\traditional\proc\p18f4620.asm
                     WREG   0x000fe8       data     extern E:\3.46\pic18-lt\cxx-framework\src\traditional\proc\p18f4620.asm
                     FSR0   0x000fe9       data     extern E:\3.46\pic18-lt\cxx-framework\src\traditional\proc\p18f4620.asm
                    FSR0L   0x000fe9       data     extern E:\3.46\pic18-lt\cxx-framework\src\traditional\proc\p18f4620.asm
                    FSR0H   0x000fea       data     extern E:\3.46\pic18-lt\cxx-framework\src\traditional\proc\p18f4620.asm
                   PLUSW0   0x000feb       data     extern E:\3.46\pic18-lt\cxx-framework\src\traditional\proc\p18f4620.asm
                  PREINC0   0x000fec       data     extern E:\3.46\pic18-lt\cxx-framework\src\traditional\proc\p18f4620.asm
                 POSTDEC0   0x000fed       data     extern E:\3.46\pic18-lt\cxx-framework\src\traditional\proc\p18f4620.asm
                 POSTINC0   0x000fee       data     extern E:\3.46\pic18-lt\cxx-framework\src\traditional\proc\p18f4620.asm
                    INDF0   0x000fef       data     extern E:\3.46\pic18-lt\cxx-framework\src\traditional\proc\p18f4620.asm
              INTCON3bits   0x000ff0       data     extern E:\3.46\pic18-lt\cxx-framework\src\traditional\proc\p18f4620.asm
                  INTCON3   0x000ff0       data     extern E:\3.46\pic18-lt\cxx-framework\src\traditional\proc\p18f4620.asm
              INTCON2bits   0x000ff1       data     extern E:\3.46\pic18-lt\cxx-framework\src\traditional\proc\p18f4620.asm
                  INTCON2   0x000ff1       data     extern E:\3.46\pic18-lt\cxx-framework\src\traditional\proc\p18f4620.asm
               INTCONbits   0x000ff2       data     extern E:\3.46\pic18-lt\cxx-framework\src\traditional\proc\p18f4620.asm
                   INTCON   0x000ff2       data     extern E:\3.46\pic18-lt\cxx-framework\src\traditional\proc\p18f4620.asm
                    PRODL   0x000ff3       data     extern E:\3.46\pic18-lt\cxx-framework\src\traditional\proc\p18f4620.asm
                     PROD   0x000ff3       data     extern E:\3.46\pic18-lt\cxx-framework\src\traditional\proc\p18f4620.asm
                    PRODH   0x000ff4       data     extern E:\3.46\pic18-lt\cxx-framework\src\traditional\proc\p18f4620.asm
                   TABLAT   0x000ff5       data     extern E:\3.46\pic18-lt\cxx-framework\src\traditional\proc\p18f4620.asm
                  TBLPTRL   0x000ff6       data     extern E:\3.46\pic18-lt\cxx-framework\src\traditional\proc\p18f4620.asm
                   TBLPTR   0x000ff6       data     extern E:\3.46\pic18-lt\cxx-framework\src\traditional\proc\p18f4620.asm
                  TBLPTRH   0x000ff7       data     extern E:\3.46\pic18-lt\cxx-framework\src\traditional\proc\p18f4620.asm
                  TBLPTRU   0x000ff8       data     extern E:\3.46\pic18-lt\cxx-framework\src\traditional\proc\p18f4620.asm
                       PC   0x000ff9       data     extern E:\3.46\pic18-lt\cxx-framework\src\traditional\proc\p18f4620.asm
                      PCL   0x000ff9       data     extern E:\3.46\pic18-lt\cxx-framework\src\traditional\proc\p18f4620.asm
                   PCLATH   0x000ffa       data     extern E:\3.46\pic18-lt\cxx-framework\src\traditional\proc\p18f4620.asm
                   PCLATU   0x000ffb       data     extern E:\3.46\pic18-lt\cxx-framework\src\traditional\proc\p18f4620.asm
               STKPTRbits   0x000ffc       data     extern E:\3.46\pic18-lt\cxx-framework\src\traditional\proc\p18f4620.asm
                   STKPTR   0x000ffc       data     extern E:\3.46\pic18-lt\cxx-framework\src\traditional\proc\p18f4620.asm
                     TOSL   0x000ffd       data     extern E:\3.46\pic18-lt\cxx-framework\src\traditional\proc\p18f4620.asm
                      TOS   0x000ffd       data     extern E:\3.46\pic18-lt\cxx-framework\src\traditional\proc\p18f4620.asm
                     TOSH   0x000ffe       data     extern E:\3.46\pic18-lt\cxx-framework\src\traditional\proc\p18f4620.asm
                     TOSU   0x000fff       data     extern E:\3.46\pic18-lt\cxx-framework\src\traditional\proc\p18f4620.asm


